Archive member included to satisfy reference by file (symbol)

.pio\build\uno_r4_minima\libFrameworkArduinoVariant.a(main.c.o)
                              c:/users/tsano/.platformio/packages/toolchain-gccarmnoneeabi/bin/../lib/gcc/arm-none-eabi/7.2.1/../../../../arm-none-eabi/lib/thumb/v7e-m/fpv4-sp/hard/crt0.o (main)
.pio\build\uno_r4_minima\libFrameworkArduino.a(digital.cpp.o)
                              .pio\build\uno_r4_minima\src\main.cpp.o (pinMode)
.pio\build\uno_r4_minima\libFrameworkArduino.a(main.cpp.o)
                              .pio\build\uno_r4_minima\libFrameworkArduinoVariant.a(main.c.o) (hal_entry)
.pio\build\uno_r4_minima\libFrameworkArduino.a(time.cpp.o)
                              .pio\build\uno_r4_minima\libFrameworkArduino.a(main.cpp.o) (startAgt())
.pio\build\uno_r4_minima\libFrameworkArduino.a(SerialUSB.cpp.o)
                              .pio\build\uno_r4_minima\libFrameworkArduino.a(main.cpp.o) (_SerialUSB::begin(unsigned long))
.pio\build\uno_r4_minima\libFrameworkArduino.a(USB.cpp.o)
                              .pio\build\uno_r4_minima\libFrameworkArduino.a(main.cpp.o) (__USBStart())
.pio\build\uno_r4_minima\libFrameworkArduino.a(vector_table.c.o)
                              .pio\build\uno_r4_minima\libFrameworkArduino.a(main.cpp.o) (g_vector_table)
.pio\build\uno_r4_minima\libFrameworkArduino.a(FspTimer.cpp.o)
                              .pio\build\uno_r4_minima\libFrameworkArduino.a(time.cpp.o) (FspTimer::FspTimer())
.pio\build\uno_r4_minima\libFrameworkArduino.a(IRQManager.cpp.o)
                              .pio\build\uno_r4_minima\libFrameworkArduino.a(USB.cpp.o) (IRQManager::getInstance())
.pio\build\uno_r4_minima\libFrameworkArduino.a(analog.cpp.o)
                              .pio\build\uno_r4_minima\libFrameworkArduino.a(main.cpp.o) (analogReference())
.pio\build\uno_r4_minima\libFrameworkArduino.a(Common.cpp.o)
                              .pio\build\uno_r4_minima\libFrameworkArduino.a(analog.cpp.o) (map(long, long, long, long, long))
.pio\build\uno_r4_minima\libFrameworkArduino.a(boot.cpp.o)
                              .pio\build\uno_r4_minima\libFrameworkArduino.a(SerialUSB.cpp.o) (goBootloader())
.pio\build\uno_r4_minima\libFrameworkArduino.a(dac.cpp.o)
                              .pio\build\uno_r4_minima\libFrameworkArduino.a(analog.cpp.o) (CDac::analogWrite(int))
.pio\build\uno_r4_minima\libFrameworkArduino.a(pinDefinitions.cpp.o)
                              .pio\build\uno_r4_minima\libFrameworkArduino.a(analog.cpp.o) (pinPeripheral(e_bsp_io_port_pin_t, unsigned long))
.pio\build\uno_r4_minima\libFrameworkArduino.a(pwm.cpp.o)
                              .pio\build\uno_r4_minima\libFrameworkArduino.a(analog.cpp.o) (PwmOut::PwmOut(int))
.pio\build\uno_r4_minima\libFrameworkArduino.a(cdc_device.c.o)
                              .pio\build\uno_r4_minima\libFrameworkArduino.a(SerialUSB.cpp.o) (tud_cdc_n_connected)
.pio\build\uno_r4_minima\libFrameworkArduino.a(tusb_fifo.c.o)
                              .pio\build\uno_r4_minima\libFrameworkArduino.a(cdc_device.c.o) (tu_fifo_config)
.pio\build\uno_r4_minima\libFrameworkArduino.a(usbd.c.o)
                              .pio\build\uno_r4_minima\libFrameworkArduino.a(SerialUSB.cpp.o) (usbd_int_set)
.pio\build\uno_r4_minima\libFrameworkArduino.a(usbd_control.c.o)
                              .pio\build\uno_r4_minima\libFrameworkArduino.a(cdc_device.c.o) (tud_control_status)
.pio\build\uno_r4_minima\libFrameworkArduino.a(dcd_rusb2.c.o)
                              .pio\build\uno_r4_minima\libFrameworkArduino.a(usbd.c.o) (dcd_int_enable)
.pio\build\uno_r4_minima\libFrameworkArduino.a(rusb2_common.c.o)
                              .pio\build\uno_r4_minima\libFrameworkArduino.a(USB.cpp.o) (tusb_rusb2_set_irqnum)
.pio\build\uno_r4_minima\libFrameworkArduino.a(tusb.c.o)
                              .pio\build\uno_r4_minima\libFrameworkArduino.a(USB.cpp.o) (tusb_inited)
.pio\build\uno_r4_minima\libFrameworkArduino.a(variant_helper.cpp.o)
                              .pio\build\uno_r4_minima\libFrameworkArduino.a(analog.cpp.o) (getPinCfgs(unsigned char, PinCfgReq_t))
.pio\build\uno_r4_minima\libFrameworkArduino.a(dfu_rt_device.c.o)
                              .pio\build\uno_r4_minima\libFrameworkArduino.a(usbd.c.o) (dfu_rtd_init)
.pio\build\uno_r4_minima\libFrameworkArduino.a(hid_device.c.o)
                              .pio\build\uno_r4_minima\libFrameworkArduino.a(usbd.c.o) (hidd_reset)
C:\Users\tsano\.platformio\packages\framework-arduinorenesas-uno\variants\MINIMA\libs\libfsp.a(r_wdt.o)
                              .pio\build\uno_r4_minima\libFrameworkArduino.a(SerialUSB.cpp.o) (R_WDT_Open)
C:\Users\tsano\.platformio\packages\framework-arduinorenesas-uno\variants\MINIMA\libs\libfsp.a(r_spi.o)
                              .pio\build\uno_r4_minima\libFrameworkArduino.a(IRQManager.cpp.o) (spi_rxi_isr)
[...]
Memory Configuration

Name             Origin             Length             Attributes
FLASH            0x00004000         0x0003c000         xr
RAM              0x20000000         0x00008000         xrw
DATA_FLASH       0x40100000         0x00002000         xr
OPTION_SETTING   0x00000000         0x00000000         r
OPTION_SETTING_S 0x00000000         0x00000000         r
ID_CODE          0x01010018         0x00000020         xr
*default*        0x00000000         0xffffffff

Linker script and memory map

LOAD c:/users/tsano/.platformio/packages/toolchain-gccarmnoneeabi/bin/../lib/gcc/arm-none-eabi/7.2.1/thumb/v7e-m/fpv4-sp/hard/crti.o
LOAD c:/users/tsano/.platformio/packages/toolchain-gccarmnoneeabi/bin/../lib/gcc/arm-none-eabi/7.2.1/thumb/v7e-m/fpv4-sp/hard/crtbegin.o
LOAD c:/users/tsano/.platformio/packages/toolchain-gccarmnoneeabi/bin/../lib/gcc/arm-none-eabi/7.2.1/../../../../arm-none-eabi/lib/thumb/v7e-m/fpv4-sp/hard/crt0.o
LOAD .pio\build\uno_r4_minima\src\main.cpp.o
START GROUP
LOAD .pio\build\uno_r4_minima\libFrameworkArduinoVariant.a
LOAD .pio\build\uno_r4_minima\libFrameworkArduino.a
LOAD C:\Users\tsano\.platformio\packages\framework-arduinorenesas-uno\variants\MINIMA\libs\libfsp.a
LOAD c:/users/tsano/.platformio/packages/toolchain-gccarmnoneeabi/bin/../lib/gcc/arm-none-eabi/7.2.1/../../../../arm-none-eabi/lib/thumb/v7e-m/fpv4-sp/hard\libstdc++_nano.a
LOAD c:/users/tsano/.platformio/packages/toolchain-gccarmnoneeabi/bin/../lib/gcc/arm-none-eabi/7.2.1/../../../../arm-none-eabi/lib/thumb/v7e-m/fpv4-sp/hard\libsupc++_nano.a
LOAD c:/users/tsano/.platformio/packages/toolchain-gccarmnoneeabi/bin/../lib/gcc/arm-none-eabi/7.2.1/thumb/v7e-m/fpv4-sp/hard\libgcc.a
LOAD c:/users/tsano/.platformio/packages/toolchain-gccarmnoneeabi/bin/../lib/gcc/arm-none-eabi/7.2.1/../../../../arm-none-eabi/lib/thumb/v7e-m/fpv4-sp/hard\libnosys.a
END GROUP
LOAD c:/users/tsano/.platformio/packages/toolchain-gccarmnoneeabi/bin/../lib/gcc/arm-none-eabi/7.2.1/../../../../arm-none-eabi/lib/thumb/v7e-m/fpv4-sp/hard\libstdc++_nano.a
LOAD c:/users/tsano/.platformio/packages/toolchain-gccarmnoneeabi/bin/../lib/gcc/arm-none-eabi/7.2.1/../../../../arm-none-eabi/lib/thumb/v7e-m/fpv4-sp/hard\libm.a
LOAD c:/users/tsano/.platformio/packages/toolchain-gccarmnoneeabi/bin/../lib/gcc/arm-none-eabi/7.2.1/../../../../arm-none-eabi/lib/thumb/v7e-m/fpv4-sp/hard\libc_nano.a
START GROUP
LOAD c:/users/tsano/.platformio/packages/toolchain-gccarmnoneeabi/bin/../lib/gcc/arm-none-eabi/7.2.1/thumb/v7e-m/fpv4-sp/hard\libgcc.a
LOAD c:/users/tsano/.platformio/packages/toolchain-gccarmnoneeabi/bin/../lib/gcc/arm-none-eabi/7.2.1/../../../../arm-none-eabi/lib/thumb/v7e-m/fpv4-sp/hard\libc_nano.a
END GROUP
START GROUP
LOAD c:/users/tsano/.platformio/packages/toolchain-gccarmnoneeabi/bin/../lib/gcc/arm-none-eabi/7.2.1/thumb/v7e-m/fpv4-sp/hard\libgcc.a
LOAD c:/users/tsano/.platformio/packages/toolchain-gccarmnoneeabi/bin/../lib/gcc/arm-none-eabi/7.2.1/../../../../arm-none-eabi/lib/thumb/v7e-m/fpv4-sp/hard\libc_nano.a
LOAD c:/users/tsano/.platformio/packages/toolchain-gccarmnoneeabi/bin/../lib/gcc/arm-none-eabi/7.2.1/../../../../arm-none-eabi/lib/thumb/v7e-m/fpv4-sp/hard\libnosys.a
END GROUP
START GROUP
LOAD c:/users/tsano/.platformio/packages/toolchain-gccarmnoneeabi/bin/../lib/gcc/arm-none-eabi/7.2.1/thumb/v7e-m/fpv4-sp/hard\libgcc.a
LOAD c:/users/tsano/.platformio/packages/toolchain-gccarmnoneeabi/bin/../lib/gcc/arm-none-eabi/7.2.1/../../../../arm-none-eabi/lib/thumb/v7e-m/fpv4-sp/hard\libc_nano.a
LOAD c:/users/tsano/.platformio/packages/toolchain-gccarmnoneeabi/bin/../lib/gcc/arm-none-eabi/7.2.1/../../../../arm-none-eabi/lib/thumb/v7e-m/fpv4-sp/hard\libnosys.a
END GROUP
LOAD c:/users/tsano/.platformio/packages/toolchain-gccarmnoneeabi/bin/../lib/gcc/arm-none-eabi/7.2.1/thumb/v7e-m/fpv4-sp/hard/crtend.o
LOAD c:/users/tsano/.platformio/packages/toolchain-gccarmnoneeabi/bin/../lib/gcc/arm-none-eabi/7.2.1/thumb/v7e-m/fpv4-sp/hard/crtn.o
                0x20000000                RAM_START = 0x20000000
                0x00008000                RAM_LENGTH = 0x8000
                0x00000000                FLASH_START = 0x0
                0x00040000                FLASH_LENGTH = 0x40000
                0x40100000                DATA_FLASH_START = 0x40100000
                0x00002000                DATA_FLASH_LENGTH = 0x2000
                0x00000000                OPTION_SETTING_START = 0x0
                0x00000000                OPTION_SETTING_LENGTH = 0x0
                0x00000000                OPTION_SETTING_S_START = 0x0
                0x00000000                OPTION_SETTING_S_LENGTH = 0x0
                0x01010018                ID_CODE_START = 0x1010018
                0x00000020                ID_CODE_LENGTH = 0x20
                0x90000000                SDRAM_START = 0x90000000
                0x00000000                SDRAM_LENGTH = 0x0
                0x60000000                QSPI_FLASH_START = 0x60000000
                0x00000000                QSPI_FLASH_LENGTH = 0x0
                0x68000000                OSPI_DEVICE_0_START = 0x68000000
                0x00000000                OSPI_DEVICE_0_LENGTH = 0x0
                0x70000000                OSPI_DEVICE_1_START = 0x70000000
                0x00000000                OSPI_DEVICE_1_LENGTH = 0x0
                0x00004000                FLASH_IMAGE_START = 0x4000
                0x00000100                VECTOR_TABLE_LENGTH = 0x100
                0x00000400                BSP_CFG_STACK_MAIN_BYTES = 0x400
START GROUP
LOAD c:/users/tsano/.platformio/packages/toolchain-gccarmnoneeabi/bin/../lib/gcc/arm-none-eabi/7.2.1/thumb/v7e-m/fpv4-sp/hard\libgcc.a
LOAD c:/users/tsano/.platformio/packages/toolchain-gccarmnoneeabi/bin/../lib/gcc/arm-none-eabi/7.2.1/../../../../arm-none-eabi/lib/thumb/v7e-m/fpv4-sp/hard\libc.a
LOAD c:/users/tsano/.platformio/packages/toolchain-gccarmnoneeabi/bin/../lib/gcc/arm-none-eabi/7.2.1/../../../../arm-none-eabi/lib/thumb/v7e-m/fpv4-sp/hard\libm.a
LOAD c:/users/tsano/.platformio/packages/toolchain-gccarmnoneeabi/bin/../lib/gcc/arm-none-eabi/7.2.1/../../../../arm-none-eabi/lib/thumb/v7e-m/fpv4-sp/hard\libnosys.a
END GROUP

.text           0x00004000     0x84c4
                0x00000000                __tz_FLASH_S = ABSOLUTE (FLASH_START)
                0x00004000                __ROM_Start = .
 *(.sketch_boot)
                0x00004000                . = ALIGN (0x800)
 *(.fixed_vectors*)
 .fixed_vectors
                0x00004000       0x40 C:\Users\tsano\.platformio\packages\framework-arduinorenesas-uno\variants\MINIMA\libs\libfsp.a(startup.o)
                0x00004000                __Vectors
 *(.application_vectors*)
 .application_vectors
                0x00004040       0x80 .pio\build\uno_r4_minima\libFrameworkArduino.a(vector_table.c.o)
                0x00004040                g_vector_table
                0x000040c0                __Vectors_End = .
 *(.text*)
 .text          0x000040c0       0x40 c:/users/tsano/.platformio/packages/toolchain-gccarmnoneeabi/bin/../lib/gcc/arm-none-eabi/7.2.1/thumb/v7e-m/fpv4-sp/hard/crtbegin.o
 .text._Z10readSwitchv
                0x00004100       0x54 .pio\build\uno_r4_minima\src\main.cpp.o
                0x00004100                readSwitch()
 .text._Z11updateStateb
                0x00004154       0x50 .pio\build\uno_r4_minima\src\main.cpp.o
                0x00004154                updateState(bool)
 .text._Z10outputLEDsv
                0x000041a4       0x64 .pio\build\uno_r4_minima\src\main.cpp.o
                0x000041a4                outputLEDs()
 .text.setup    0x00004208       0x26 .pio\build\uno_r4_minima\src\main.cpp.o
                0x00004208                setup
 .text.loop     0x0000422e       0x12 .pio\build\uno_r4_minima\src\main.cpp.o
                0x0000422e                loop
 .text.startup.main
                0x00004240        0xa .pio\build\uno_r4_minima\libFrameworkArduinoVariant.a(main.c.o)
                0x00004240                main
 *fill*         0x0000424a        0x2 ff
 .text.pinMode  0x0000424c       0x30 .pio\build\uno_r4_minima\libFrameworkArduino.a(digital.cpp.o)
                0x0000424c                pinMode
 .text.digitalWrite
                0x0000427c       0x18 .pio\build\uno_r4_minima\libFrameworkArduino.a(digital.cpp.o)
                0x0000427c                digitalWrite
 .text.digitalRead
                0x00004294       0x28 .pio\build\uno_r4_minima\libFrameworkArduino.a(digital.cpp.o)
                0x00004294                digitalRead
 .text.R_BSP_PinAccessEnable
                0x000042bc       0x2c .pio\build\uno_r4_minima\libFrameworkArduino.a(main.cpp.o)
 .text.start_freertos_on_header_inclusion
                0x000042e8        0x2 .pio\build\uno_r4_minima\libFrameworkArduino.a(main.cpp.o)
                0x000042e8                start_freertos_on_header_inclusion
 .text.early_start_freertos_on_header_inclusion
                0x000042ea        0x2 .pio\build\uno_r4_minima\libFrameworkArduino.a(main.cpp.o)
                0x000042ea                early_start_freertos_on_header_inclusion
 .text.atexit   0x000042ec        0x4 .pio\build\uno_r4_minima\libFrameworkArduino.a(main.cpp.o)
                0x000042ec                atexit
 .text._Z12arduino_mainv
                0x000042f0       0x84 .pio\build\uno_r4_minima\libFrameworkArduino.a(main.cpp.o)
                0x000042f0                arduino_main()
 .text.hal_entry
                0x00004374        0x6 .pio\build\uno_r4_minima\libFrameworkArduino.a(main.cpp.o)
                0x00004374                hal_entry
 *fill*         0x0000437a        0x2 ff
 .text._ZL21timer_micros_callbackP22st_timer_callback_args
                0x0000437c       0x10 .pio\build\uno_r4_minima\libFrameworkArduino.a(time.cpp.o)
 .text.delayMicroseconds
                0x0000438c        0x6 .pio\build\uno_r4_minima\libFrameworkArduino.a(time.cpp.o)
                0x0000438c                delayMicroseconds
 .text.yield    0x00004392        0x2 .pio\build\uno_r4_minima\libFrameworkArduino.a(time.cpp.o)
                0x00004392                yield
 .text.delay    0x00004394       0x1c .pio\build\uno_r4_minima\libFrameworkArduino.a(time.cpp.o)
                0x00004394                delay
 .text._Z8startAgtv
                0x000043b0       0x6c .pio\build\uno_r4_minima\libFrameworkArduino.a(time.cpp.o)
                0x000043b0                startAgt()
 .text.millis   0x0000441c        0xc .pio\build\uno_r4_minima\libFrameworkArduino.a(time.cpp.o)
                0x0000441c                millis
 .text.startup._GLOBAL__sub_I_delayMicroseconds
                0x00004428        0xc .pio\build\uno_r4_minima\libFrameworkArduino.a(time.cpp.o)
 .text.exit._GLOBAL__sub_D_delayMicroseconds
                0x00004434        0xc .pio\build\uno_r4_minima\libFrameworkArduino.a(time.cpp.o)
 .text._ZN10_SerialUSB5beginEmt
                0x00004440        0x6 .pio\build\uno_r4_minima\libFrameworkArduino.a(SerialUSB.cpp.o)
                0x00004440                _SerialUSB::begin(unsigned long, unsigned short)
 .text._ZN10_SerialUSB5beginEm
                0x00004446        0xa .pio\build\uno_r4_minima\libFrameworkArduino.a(SerialUSB.cpp.o)
                0x00004446                _SerialUSB::begin(unsigned long)
 .text._ZN10_SerialUSB3endEv
                0x00004450        0x2 .pio\build\uno_r4_minima\libFrameworkArduino.a(SerialUSB.cpp.o)
                0x00004450                _SerialUSB::end()
 .text._ZN10_SerialUSB5writeEh
                0x00004452       0x16 .pio\build\uno_r4_minima\libFrameworkArduino.a(SerialUSB.cpp.o)
                0x00004452                _SerialUSB::write(unsigned char)
 .text._ZN10_SerialUSB9availableEv
                0x00004468        0xc .pio\build\uno_r4_minima\libFrameworkArduino.a(SerialUSB.cpp.o)
                0x00004468                _SerialUSB::available()
 .text._ZN10_SerialUSB17availableForWriteEv
                0x00004474        0xc .pio\build\uno_r4_minima\libFrameworkArduino.a(SerialUSB.cpp.o)
                0x00004474                _SerialUSB::availableForWrite()
 .text._ZN10_SerialUSB5flushEv
                0x00004480        0xc .pio\build\uno_r4_minima\libFrameworkArduino.a(SerialUSB.cpp.o)
                0x00004480                _SerialUSB::flush()
 .text._ZN10_SerialUSB4peekEv
                0x0000448c       0x22 .pio\build\uno_r4_minima\libFrameworkArduino.a(SerialUSB.cpp.o)
                0x0000448c                _SerialUSB::peek()
 .text._Z18__USBInstallSerialv
                0x000044ae        0x2 .pio\build\uno_r4_minima\libFrameworkArduino.a(SerialUSB.cpp.o)
                0x000044ae                __USBInstallSerial()
 .text._ZN10_SerialUSB9connectedEv
                0x000044b0       0x10 .pio\build\uno_r4_minima\libFrameworkArduino.a(SerialUSB.cpp.o)
                0x000044b0                _SerialUSB::connected()
 .text._ZN10_SerialUSB4readEv
                0x000044c0       0x38 .pio\build\uno_r4_minima\libFrameworkArduino.a(SerialUSB.cpp.o)
                0x000044c0                _SerialUSB::read()
 .text._ZN10_SerialUSB5writeEPKhj
                0x000044f8       0x62 .pio\build\uno_r4_minima\libFrameworkArduino.a(SerialUSB.cpp.o)
                0x000044f8                _SerialUSB::write(unsigned char const*, unsigned int)
 *fill*         0x0000455a        0x2 ff
 .text._ZN10_SerialUSBcvbEv
                0x0000455c       0x3c .pio\build\uno_r4_minima\libFrameworkArduino.a(SerialUSB.cpp.o)
                0x0000455c                _SerialUSB::operator bool()
 .text.tud_dfu_runtime_reboot_to_dfu_cb
                0x00004598       0x6c .pio\build\uno_r4_minima\libFrameworkArduino.a(SerialUSB.cpp.o)
                0x00004598                tud_dfu_runtime_reboot_to_dfu_cb
 .text.tud_cdc_line_state_cb
                0x00004604       0x28 .pio\build\uno_r4_minima\libFrameworkArduino.a(SerialUSB.cpp.o)
                0x00004604                tud_cdc_line_state_cb
 .text.tud_cdc_line_coding_cb
                0x0000462c       0x40 .pio\build\uno_r4_minima\libFrameworkArduino.a(SerialUSB.cpp.o)
                0x0000462c                tud_cdc_line_coding_cb
 .text.startup._GLOBAL__sub_I__ZN10_SerialUSB5beginEm
                0x0000466c       0x20 .pio\build\uno_r4_minima\libFrameworkArduino.a(SerialUSB.cpp.o)
 .text._ZL5utox8mPc
                0x0000468c       0x22 .pio\build\uno_r4_minima\libFrameworkArduino.a(USB.cpp.o)
 *fill*         0x000046ae        0x2 ff
 .text._Z24_usbfs_interrupt_handlerv
                0x000046b0       0x34 .pio\build\uno_r4_minima\libFrameworkArduino.a(USB.cpp.o)
                0x000046b0                _usbfs_interrupt_handler()
 .text.tud_descriptor_device_cb
                0x000046e4       0x10 .pio\build\uno_r4_minima\libFrameworkArduino.a(USB.cpp.o)
                0x000046e4                tud_descriptor_device_cb
 .text.tud_hid_descriptor_report_cb
                0x000046f4       0x1c .pio\build\uno_r4_minima\libFrameworkArduino.a(USB.cpp.o)
                0x000046f4                tud_hid_descriptor_report_cb
 .text.tud_descriptor_configuration_cb
                0x00004710        0xc .pio\build\uno_r4_minima\libFrameworkArduino.a(USB.cpp.o)
                0x00004710                tud_descriptor_configuration_cb
 .text._Z20__SetupUSBDescriptorv
                0x0000471c      0x270 .pio\build\uno_r4_minima\libFrameworkArduino.a(USB.cpp.o)
                0x0000471c                __SetupUSBDescriptor()
 .text.tud_descriptor_string_cb
                0x0000498c       0x94 .pio\build\uno_r4_minima\libFrameworkArduino.a(USB.cpp.o)
                0x0000498c                tud_descriptor_string_cb
 .text._Z17configure_usb_muxv
                0x00004a20        0x2 .pio\build\uno_r4_minima\libFrameworkArduino.a(USB.cpp.o)
                0x00004a20                configure_usb_mux()
 *fill*         0x00004a22        0x2 ff
 .text._Z10__USBStartv
                0x00004a24       0x84 .pio\build\uno_r4_minima\libFrameworkArduino.a(USB.cpp.o)
                0x00004a24                __USBStart()
 .text.tud_hid_get_report_cb
                0x00004aa8        0x4 .pio\build\uno_r4_minima\libFrameworkArduino.a(USB.cpp.o)
                0x00004aa8                tud_hid_get_report_cb
 .text.tud_hid_set_report_cb
                0x00004aac        0x2 .pio\build\uno_r4_minima\libFrameworkArduino.a(USB.cpp.o)
                0x00004aac                tud_hid_set_report_cb
 .text._ZN8FspTimerC2Ev
                0x00004aae       0x18 .pio\build\uno_r4_minima\libFrameworkArduino.a(FspTimer.cpp.o)
                0x00004aae                FspTimer::FspTimer()
                0x00004aae                FspTimer::FspTimer()
 *fill*         0x00004ac6        0x2 ff
 .text._ZN8FspTimer5beginE12e_timer_modehhmm18e_timer_source_divPFvP22st_timer_callback_argsEPv
                0x00004ac8      0x16c .pio\build\uno_r4_minima\libFrameworkArduino.a(FspTimer.cpp.o)
                0x00004ac8                FspTimer::begin(e_timer_mode, unsigned char, unsigned char, unsigned long, unsigned long, e_timer_source_div, void (*)(st_timer_callback_args*), void*)
 .text._ZN8FspTimer4openEv
                0x00004c34       0x4e .pio\build\uno_r4_minima\libFrameworkArduino.a(FspTimer.cpp.o)
                0x00004c34                FspTimer::open()
 .text._ZN8FspTimer5startEv
                0x00004c82       0x2e .pio\build\uno_r4_minima\libFrameworkArduino.a(FspTimer.cpp.o)
                0x00004c82                FspTimer::start()
 .text._ZN8FspTimer5closeEv
                0x00004cb0       0x2e .pio\build\uno_r4_minima\libFrameworkArduino.a(FspTimer.cpp.o)
                0x00004cb0                FspTimer::close()
 *fill*         0x00004cde        0x2 ff
 .text._ZN8FspTimer3endEv
                0x00004ce0       0x48 .pio\build\uno_r4_minima\libFrameworkArduino.a(FspTimer.cpp.o)
                0x00004ce0                FspTimer::end()
 .text._ZN8FspTimerD2Ev
                0x00004d28        0xc .pio\build\uno_r4_minima\libFrameworkArduino.a(FspTimer.cpp.o)
                0x00004d28                FspTimer::~FspTimer()
                0x00004d28                FspTimer::~FspTimer()
 .text._ZN8FspTimer15get_cfg_for_irqEv
                0x00004d34       0x14 .pio\build\uno_r4_minima\libFrameworkArduino.a(FspTimer.cpp.o)
                0x00004d34                FspTimer::get_cfg_for_irq()
 .text._ZN8FspTimer9is_openedEv
                0x00004d48       0x18 .pio\build\uno_r4_minima\libFrameworkArduino.a(FspTimer.cpp.o)
                0x00004d48                FspTimer::is_opened()
 .text._ZN8FspTimer18setup_overflow_irqEhPFvvE
                0x00004d60       0x4e .pio\build\uno_r4_minima\libFrameworkArduino.a(FspTimer.cpp.o)
                0x00004d60                FspTimer::setup_overflow_irq(unsigned char, void (*)())
 *fill*         0x00004dae        0x2 ff
 .text.__NVIC_SetPriority
                0x00004db0       0x28 .pio\build\uno_r4_minima\libFrameworkArduino.a(IRQManager.cpp.o)
 .text.R_BSP_IrqEnable
                0x00004dd8       0x34 .pio\build\uno_r4_minima\libFrameworkArduino.a(IRQManager.cpp.o)
 .text.R_BSP_IrqDisable
                0x00004e0c       0x24 .pio\build\uno_r4_minima\libFrameworkArduino.a(IRQManager.cpp.o)
 .text.__tcf_0  0x00004e30        0x2 .pio\build\uno_r4_minima\libFrameworkArduino.a(IRQManager.cpp.o)
 *fill*         0x00004e32        0x2 ff
 .text._ZN10IRQManager11getInstanceEv
                0x00004e34       0x38 .pio\build\uno_r4_minima\libFrameworkArduino.a(IRQManager.cpp.o)
                0x00004e34                IRQManager::getInstance()
 .text._ZN10IRQManager18set_ext_link_eventEii
                0x00004e6c       0xc8 .pio\build\uno_r4_minima\libFrameworkArduino.a(IRQManager.cpp.o)
                0x00004e6c                IRQManager::set_ext_link_event(int, int)
 .text._ZN10IRQManager23set_gpt_over_link_eventEii
                0x00004f34       0x70 .pio\build\uno_r4_minima\libFrameworkArduino.a(IRQManager.cpp.o)
                0x00004f34                IRQManager::set_gpt_over_link_event(int, int)
 .text._ZN10IRQManager18set_agt_link_eventEii
                0x00004fa4       0x28 .pio\build\uno_r4_minima\libFrameworkArduino.a(IRQManager.cpp.o)
                0x00004fa4                IRQManager::set_agt_link_event(int, int)
 .text._ZN10IRQManager16addTimerOverflowER5timerPFvvE
                0x00004fcc       0x80 .pio\build\uno_r4_minima\libFrameworkArduino.a(IRQManager.cpp.o)
                0x00004fcc                IRQManager::addTimerOverflow(timer&, void (*)())
 .text._ZN10IRQManager21set_iic_tx_link_eventEii
                0x0000504c       0x20 .pio\build\uno_r4_minima\libFrameworkArduino.a(IRQManager.cpp.o)
                0x0000504c                IRQManager::set_iic_tx_link_event(int, int)
 .text._ZN10IRQManager21set_iic_rx_link_eventEii
                0x0000506c       0x20 .pio\build\uno_r4_minima\libFrameworkArduino.a(IRQManager.cpp.o)
                0x0000506c                IRQManager::set_iic_rx_link_event(int, int)
 .text._ZN10IRQManager22set_iic_tei_link_eventEii
                0x0000508c       0x20 .pio\build\uno_r4_minima\libFrameworkArduino.a(IRQManager.cpp.o)
                0x0000508c                IRQManager::set_iic_tei_link_event(int, int)
 .text._ZN10IRQManager22set_iic_eri_link_eventEii
                0x000050ac       0x20 .pio\build\uno_r4_minima\libFrameworkArduino.a(IRQManager.cpp.o)
                0x000050ac                IRQManager::set_iic_eri_link_event(int, int)
 .text._ZN10IRQManager21set_sci_tx_link_eventEii
                0x000050cc       0x38 .pio\build\uno_r4_minima\libFrameworkArduino.a(IRQManager.cpp.o)
                0x000050cc                IRQManager::set_sci_tx_link_event(int, int)
 .text._ZN10IRQManager21set_sci_rx_link_eventEii
                0x00005104       0x38 .pio\build\uno_r4_minima\libFrameworkArduino.a(IRQManager.cpp.o)
                0x00005104                IRQManager::set_sci_rx_link_event(int, int)
 .text._ZN10IRQManager22set_sci_tei_link_eventEii
                0x0000513c       0x38 .pio\build\uno_r4_minima\libFrameworkArduino.a(IRQManager.cpp.o)
                0x0000513c                IRQManager::set_sci_tei_link_event(int, int)
 .text._ZN10IRQManager22set_sci_eri_link_eventEii
                0x00005174       0x38 .pio\build\uno_r4_minima\libFrameworkArduino.a(IRQManager.cpp.o)
                0x00005174                IRQManager::set_sci_eri_link_event(int, int)
 .text._ZN10IRQManager21set_spi_tx_link_eventEii
                0x000051ac       0x20 .pio\build\uno_r4_minima\libFrameworkArduino.a(IRQManager.cpp.o)
                0x000051ac                IRQManager::set_spi_tx_link_event(int, int)
 .text._ZN10IRQManager21set_spi_rx_link_eventEii
                0x000051cc       0x20 .pio\build\uno_r4_minima\libFrameworkArduino.a(IRQManager.cpp.o)
                0x000051cc                IRQManager::set_spi_rx_link_event(int, int)
 .text._ZN10IRQManager22set_spi_tei_link_eventEii
                0x000051ec       0x20 .pio\build\uno_r4_minima\libFrameworkArduino.a(IRQManager.cpp.o)
                0x000051ec                IRQManager::set_spi_tei_link_event(int, int)
 .text._ZN10IRQManager22set_spi_eri_link_eventEii
                0x0000520c       0x20 .pio\build\uno_r4_minima\libFrameworkArduino.a(IRQManager.cpp.o)
                0x0000520c                IRQManager::set_spi_eri_link_event(int, int)
 .text._ZN10IRQManager13addPeripheralE12Peripheral_tPv
                0x0000522c      0x904 .pio\build\uno_r4_minima\libFrameworkArduino.a(IRQManager.cpp.o)
                0x0000522c                IRQManager::addPeripheral(Peripheral_t, void*)
 .text._ZL13readAllGroupAP13ADC_Container
                0x00005b30       0x2c .pio\build\uno_r4_minima\libFrameworkArduino.a(analog.cpp.o)
 .text._ZL11ADC_irq_cbkP20st_adc_callback_args
                0x00005b5c       0x58 .pio\build\uno_r4_minima\libFrameworkArduino.a(analog.cpp.o)
 .text._ZL10adcConvertP13ADC_Containert
                0x00005bb4       0xa4 .pio\build\uno_r4_minima\libFrameworkArduino.a(analog.cpp.o)
 .text._ZL21get_ADC_container_ptrlRt.constprop.4
                0x00005c58       0x38 .pio\build\uno_r4_minima\libFrameworkArduino.a(analog.cpp.o)
 .text._ZN13ADC_ContainerC2EhPFvP20st_adc_callback_argsEPv
                0x00005c90       0x6e .pio\build\uno_r4_minima\libFrameworkArduino.a(analog.cpp.o)
                0x00005c90                ADC_Container::ADC_Container(unsigned char, void (*)(st_adc_callback_args*), void*)
                0x00005c90                ADC_Container::ADC_Container(unsigned char, void (*)(st_adc_callback_args*), void*)
 .text._ZN13ADC_ContainerD2Ev
                0x00005cfe       0x12 .pio\build\uno_r4_minima\libFrameworkArduino.a(analog.cpp.o)
                0x00005cfe                ADC_Container::~ADC_Container()
                0x00005cfe                ADC_Container::~ADC_Container()
 .text.analogRead
                0x00005d10       0x3c .pio\build\uno_r4_minima\libFrameworkArduino.a(analog.cpp.o)
                0x00005d10                analogRead
 .text.analogReference
                0x00005d4c       0x5c .pio\build\uno_r4_minima\libFrameworkArduino.a(analog.cpp.o)
                0x00005d4c                analogReference
 .text._Z15analogReferencev
                0x00005da8      0x10c .pio\build\uno_r4_minima\libFrameworkArduino.a(analog.cpp.o)
                0x00005da8                analogReference()
 .text._Z23__get_timer_for_channeli
                0x00005eb4       0x2c .pio\build\uno_r4_minima\libFrameworkArduino.a(analog.cpp.o)
                0x00005eb4                __get_timer_for_channel(int)
 .text.startup._GLOBAL__sub_I__ZN13ADC_ContainerC2EhPFvP20st_adc_callback_argsEPv
                0x00005ee0       0x4c .pio\build\uno_r4_minima\libFrameworkArduino.a(analog.cpp.o)
 .text.exit._GLOBAL__sub_D__ZN13ADC_ContainerC2EhPFvP20st_adc_callback_argsEPv
                0x00005f2c       0x1c .pio\build\uno_r4_minima\libFrameworkArduino.a(analog.cpp.o)
 .text._Z3maplllll
                0x00005f48       0x14 .pio\build\uno_r4_minima\libFrameworkArduino.a(Common.cpp.o)
                0x00005f48                map(long, long, long, long, long)
 .text._Z12goBootloaderv
                0x00005f5c       0x54 .pio\build\uno_r4_minima\libFrameworkArduino.a(boot.cpp.o)
                0x00005f5c                goBootloader()
 .text._ZN4CDacC2Eh
                0x00005fb0       0x6c .pio\build\uno_r4_minima\libFrameworkArduino.a(dac.cpp.o)
                0x00005fb0                CDac::CDac(unsigned char)
                0x00005fb0                CDac::CDac(unsigned char)
 .text.startup._GLOBAL__sub_I__ZN4CDacC2Eh
                0x0000601c        0xc .pio\build\uno_r4_minima\libFrameworkArduino.a(dac.cpp.o)
 .text._Z13pinPeripheral19e_bsp_io_port_pin_tm
                0x00006028       0x10 .pio\build\uno_r4_minima\libFrameworkArduino.a(pinDefinitions.cpp.o)
                0x00006028                pinPeripheral(e_bsp_io_port_pin_t, unsigned long)
 .text._prep_out_transaction
                0x00006038       0x42 .pio\build\uno_r4_minima\libFrameworkArduino.a(cdc_device.c.o)
 *fill*         0x0000607a        0x2 ff
 .text.tud_cdc_n_connected
                0x0000607c       0x2c .pio\build\uno_r4_minima\libFrameworkArduino.a(cdc_device.c.o)
                0x0000607c                tud_cdc_n_connected
 .text.tud_cdc_n_available
                0x000060a8       0x18 .pio\build\uno_r4_minima\libFrameworkArduino.a(cdc_device.c.o)
                0x000060a8                tud_cdc_n_available
 .text.tud_cdc_n_read
                0x000060c0       0x34 .pio\build\uno_r4_minima\libFrameworkArduino.a(cdc_device.c.o)
                0x000060c0                tud_cdc_n_read
 .text.tud_cdc_n_peek
                0x000060f4       0x14 .pio\build\uno_r4_minima\libFrameworkArduino.a(cdc_device.c.o)
                0x000060f4                tud_cdc_n_peek
 .text.tud_cdc_n_write_flush
                0x00006108       0x88 .pio\build\uno_r4_minima\libFrameworkArduino.a(cdc_device.c.o)
                0x00006108                tud_cdc_n_write_flush
 .text.tud_cdc_n_write
                0x00006190       0x40 .pio\build\uno_r4_minima\libFrameworkArduino.a(cdc_device.c.o)
                0x00006190                tud_cdc_n_write
 .text.tud_cdc_n_write_available
                0x000061d0       0x18 .pio\build\uno_r4_minima\libFrameworkArduino.a(cdc_device.c.o)
                0x000061d0                tud_cdc_n_write_available
 .text.cdcd_init
                0x000061e8       0x54 .pio\build\uno_r4_minima\libFrameworkArduino.a(cdc_device.c.o)
                0x000061e8                cdcd_init
 .text.cdcd_reset
                0x0000623c       0x30 .pio\build\uno_r4_minima\libFrameworkArduino.a(cdc_device.c.o)
                0x0000623c                cdcd_reset
 .text.cdcd_open
                0x0000626c       0xa4 .pio\build\uno_r4_minima\libFrameworkArduino.a(cdc_device.c.o)
                0x0000626c                cdcd_open
 .text.cdcd_control_xfer_cb
                0x00006310       0xbc .pio\build\uno_r4_minima\libFrameworkArduino.a(cdc_device.c.o)
                0x00006310                cdcd_control_xfer_cb
 .text.cdcd_xfer_cb
                0x000063cc      0x100 .pio\build\uno_r4_minima\libFrameworkArduino.a(cdc_device.c.o)
                0x000063cc                cdcd_xfer_cb
 .text.advance_index
                0x000064cc       0x18 .pio\build\uno_r4_minima\libFrameworkArduino.a(tusb_fifo.c.o)
 .text._tu_fifo_peek
                0x000064e4       0x4a .pio\build\uno_r4_minima\libFrameworkArduino.a(tusb_fifo.c.o)
 .text._ff_pull_const_addr
                0x0000652e       0x3c .pio\build\uno_r4_minima\libFrameworkArduino.a(tusb_fifo.c.o)
 .text._tu_fifo_peek_n
                0x0000656a      0x120 .pio\build\uno_r4_minima\libFrameworkArduino.a(tusb_fifo.c.o)
 .text._ff_push_const_addr
                0x0000668a       0x36 .pio\build\uno_r4_minima\libFrameworkArduino.a(tusb_fifo.c.o)
 .text._tu_fifo_write_n.part.0
                0x000066c0      0x17e .pio\build\uno_r4_minima\libFrameworkArduino.a(tusb_fifo.c.o)
 .text.tu_fifo_config
                0x0000683e       0x2e .pio\build\uno_r4_minima\libFrameworkArduino.a(tusb_fifo.c.o)
                0x0000683e                tu_fifo_config
 .text.tu_fifo_count
                0x0000686c       0x20 .pio\build\uno_r4_minima\libFrameworkArduino.a(tusb_fifo.c.o)
                0x0000686c                tu_fifo_count
 .text.tu_fifo_empty
                0x0000688c        0xe .pio\build\uno_r4_minima\libFrameworkArduino.a(tusb_fifo.c.o)
                0x0000688c                tu_fifo_empty
 .text.tu_fifo_full
                0x0000689a       0x22 .pio\build\uno_r4_minima\libFrameworkArduino.a(tusb_fifo.c.o)
                0x0000689a                tu_fifo_full
 .text.tu_fifo_remaining
                0x000068bc       0x24 .pio\build\uno_r4_minima\libFrameworkArduino.a(tusb_fifo.c.o)
                0x000068bc                tu_fifo_remaining
 .text.tu_fifo_read
                0x000068e0       0x1e .pio\build\uno_r4_minima\libFrameworkArduino.a(tusb_fifo.c.o)
                0x000068e0                tu_fifo_read
 .text.tu_fifo_read_n
                0x000068fe       0x26 .pio\build\uno_r4_minima\libFrameworkArduino.a(tusb_fifo.c.o)
                0x000068fe                tu_fifo_read_n
 .text.tu_fifo_peek
                0x00006924        0x8 .pio\build\uno_r4_minima\libFrameworkArduino.a(tusb_fifo.c.o)
                0x00006924                tu_fifo_peek
 .text.tu_fifo_write
                0x0000692c       0x46 .pio\build\uno_r4_minima\libFrameworkArduino.a(tusb_fifo.c.o)
                0x0000692c                tu_fifo_write
 .text.tu_fifo_write_n
                0x00006972        0xc .pio\build\uno_r4_minima\libFrameworkArduino.a(tusb_fifo.c.o)
                0x00006972                tu_fifo_write_n
 .text.tu_fifo_clear
                0x0000697e        0xa .pio\build\uno_r4_minima\libFrameworkArduino.a(tusb_fifo.c.o)
                0x0000697e                tu_fifo_clear
 .text.tu_fifo_set_overwritable
                0x00006988        0xc .pio\build\uno_r4_minima\libFrameworkArduino.a(tusb_fifo.c.o)
                0x00006988                tu_fifo_set_overwritable
 .text.tu_fifo_advance_write_pointer
                0x00006994       0x14 .pio\build\uno_r4_minima\libFrameworkArduino.a(tusb_fifo.c.o)
                0x00006994                tu_fifo_advance_write_pointer
 .text.tu_fifo_advance_read_pointer
                0x000069a8       0x14 .pio\build\uno_r4_minima\libFrameworkArduino.a(tusb_fifo.c.o)
                0x000069a8                tu_fifo_advance_read_pointer
 .text.tu_fifo_get_read_info
                0x000069bc       0x6c .pio\build\uno_r4_minima\libFrameworkArduino.a(tusb_fifo.c.o)
                0x000069bc                tu_fifo_get_read_info
 .text.tu_fifo_get_write_info
                0x00006a28       0x64 .pio\build\uno_r4_minima\libFrameworkArduino.a(tusb_fifo.c.o)
                0x00006a28                tu_fifo_get_write_info
 .text.get_driver
                0x00006a8c       0x38 .pio\build\uno_r4_minima\libFrameworkArduino.a(usbd.c.o)
 .text.configuration_reset
                0x00006ac4       0x64 .pio\build\uno_r4_minima\libFrameworkArduino.a(usbd.c.o)
 .text.invoke_class_control.isra.1
                0x00006b28       0x1c .pio\build\uno_r4_minima\libFrameworkArduino.a(usbd.c.o)
 .text.usbd_int_set
                0x00006b44       0x18 .pio\build\uno_r4_minima\libFrameworkArduino.a(usbd.c.o)
                0x00006b44                usbd_int_set
 .text.tud_mounted
                0x00006b5c       0x10 .pio\build\uno_r4_minima\libFrameworkArduino.a(usbd.c.o)
                0x00006b5c                tud_mounted
 .text.tud_suspended
                0x00006b6c       0x10 .pio\build\uno_r4_minima\libFrameworkArduino.a(usbd.c.o)
                0x00006b6c                tud_suspended
 .text.tud_inited
                0x00006b7c       0x10 .pio\build\uno_r4_minima\libFrameworkArduino.a(usbd.c.o)
                0x00006b7c                tud_inited
 .text.tud_init
                0x00006b8c       0x90 .pio\build\uno_r4_minima\libFrameworkArduino.a(usbd.c.o)
                0x00006b8c                tud_init
 .text.dcd_event_handler
                0x00006c1c      0x108 .pio\build\uno_r4_minima\libFrameworkArduino.a(usbd.c.o)
                0x00006c1c                dcd_event_handler
 .text.usbd_edpt_open
                0x00006d24       0x48 .pio\build\uno_r4_minima\libFrameworkArduino.a(usbd.c.o)
                0x00006d24                usbd_edpt_open
 .text.usbd_open_edpt_pair
                0x00006d6c       0x68 .pio\build\uno_r4_minima\libFrameworkArduino.a(usbd.c.o)
                0x00006d6c                usbd_open_edpt_pair
 .text.usbd_edpt_claim
                0x00006dd4       0x1c .pio\build\uno_r4_minima\libFrameworkArduino.a(usbd.c.o)
                0x00006dd4                usbd_edpt_claim
 .text.usbd_edpt_release
                0x00006df0       0x1c .pio\build\uno_r4_minima\libFrameworkArduino.a(usbd.c.o)
                0x00006df0                usbd_edpt_release
 .text.usbd_edpt_xfer
                0x00006e0c       0x64 .pio\build\uno_r4_minima\libFrameworkArduino.a(usbd.c.o)
                0x00006e0c                usbd_edpt_xfer
 .text.usbd_edpt_stall
                0x00006e70       0x3c .pio\build\uno_r4_minima\libFrameworkArduino.a(usbd.c.o)
                0x00006e70                usbd_edpt_stall
 .text.usbd_edpt_clear_stall
                0x00006eac       0x3c .pio\build\uno_r4_minima\libFrameworkArduino.a(usbd.c.o)
                0x00006eac                usbd_edpt_clear_stall
 .text.tud_task_ext
                0x00006ee8      0x5cc .pio\build\uno_r4_minima\libFrameworkArduino.a(usbd.c.o)
                0x00006ee8                tud_task_ext
 .text._data_stage_xact
                0x000074b4       0x54 .pio\build\uno_r4_minima\libFrameworkArduino.a(usbd_control.c.o)
 .text.tud_control_status
                0x00007508       0x30 .pio\build\uno_r4_minima\libFrameworkArduino.a(usbd_control.c.o)
                0x00007508                tud_control_status
 .text.tud_control_xfer
                0x00007538       0x70 .pio\build\uno_r4_minima\libFrameworkArduino.a(usbd_control.c.o)
                0x00007538                tud_control_xfer
 .text.usbd_control_reset
                0x000075a8       0x10 .pio\build\uno_r4_minima\libFrameworkArduino.a(usbd_control.c.o)
                0x000075a8                usbd_control_reset
 .text.usbd_control_set_complete_callback
                0x000075b8        0xc .pio\build\uno_r4_minima\libFrameworkArduino.a(usbd_control.c.o)
                0x000075b8                usbd_control_set_complete_callback
 .text.usbd_control_set_request
                0x000075c4       0x18 .pio\build\uno_r4_minima\libFrameworkArduino.a(usbd_control.c.o)
                0x000075c4                usbd_control_set_request
 .text.usbd_control_xfer_cb
                0x000075dc       0xd0 .pio\build\uno_r4_minima\libFrameworkArduino.a(usbd_control.c.o)
                0x000075dc                usbd_control_xfer_cb
 .text.pipe_write_packet.isra.0
                0x000076ac       0x28 .pio\build\uno_r4_minima\libFrameworkArduino.a(dcd_rusb2.c.o)
 .text.pipe_write_packet_ff.isra.2
                0x000076d4       0x4c .pio\build\uno_r4_minima\libFrameworkArduino.a(dcd_rusb2.c.o)
 .text.pipe0_xfer_in
                0x00007720       0x68 .pio\build\uno_r4_minima\libFrameworkArduino.a(dcd_rusb2.c.o)
 .text.process_pipe0_xfer
                0x00007788       0x7c .pio\build\uno_r4_minima\libFrameworkArduino.a(dcd_rusb2.c.o)
 .text.pipe_xfer_in
                0x00007804       0xd4 .pio\build\uno_r4_minima\libFrameworkArduino.a(dcd_rusb2.c.o)
 .text.process_pipe_xfer
                0x000078d8       0xe0 .pio\build\uno_r4_minima\libFrameworkArduino.a(dcd_rusb2.c.o)
 .text.pipe_read_packet_ff.isra.3
                0x000079b8       0x5a .pio\build\uno_r4_minima\libFrameworkArduino.a(dcd_rusb2.c.o)
 *fill*         0x00007a12        0x2 ff
 .text.dcd_int_enable
                0x00007a14       0x2c .pio\build\uno_r4_minima\libFrameworkArduino.a(dcd_rusb2.c.o)
                0x00007a14                dcd_int_enable
 .text.dcd_int_disable
                0x00007a40       0x34 .pio\build\uno_r4_minima\libFrameworkArduino.a(dcd_rusb2.c.o)
                0x00007a40                dcd_int_disable
 .text.dcd_set_address
                0x00007a74        0x2 .pio\build\uno_r4_minima\libFrameworkArduino.a(dcd_rusb2.c.o)
                0x00007a74                dcd_set_address
 *fill*         0x00007a76        0x2 ff
 .text.dcd_connect
                0x00007a78       0x14 .pio\build\uno_r4_minima\libFrameworkArduino.a(dcd_rusb2.c.o)
                0x00007a78                dcd_connect
 .text.dcd_init
                0x00007a8c       0x88 .pio\build\uno_r4_minima\libFrameworkArduino.a(dcd_rusb2.c.o)
                0x00007a8c                dcd_init
 .text.dcd_disconnect
                0x00007b14       0x14 .pio\build\uno_r4_minima\libFrameworkArduino.a(dcd_rusb2.c.o)
                0x00007b14                dcd_disconnect
 .text.dcd_edpt_open
                0x00007b28      0x138 .pio\build\uno_r4_minima\libFrameworkArduino.a(dcd_rusb2.c.o)
                0x00007b28                dcd_edpt_open
 .text.dcd_edpt_close
                0x00007c60       0x60 .pio\build\uno_r4_minima\libFrameworkArduino.a(dcd_rusb2.c.o)
                0x00007c60                dcd_edpt_close
 .text.dcd_edpt_close_all
                0x00007cc0       0x34 .pio\build\uno_r4_minima\libFrameworkArduino.a(dcd_rusb2.c.o)
                0x00007cc0                dcd_edpt_close_all
 .text.dcd_edpt_xfer
                0x00007cf4       0x48 .pio\build\uno_r4_minima\libFrameworkArduino.a(dcd_rusb2.c.o)
                0x00007cf4                dcd_edpt_xfer
 .text.dcd_edpt_stall
                0x00007d3c       0x58 .pio\build\uno_r4_minima\libFrameworkArduino.a(dcd_rusb2.c.o)
                0x00007d3c                dcd_edpt_stall
 .text.dcd_edpt_clear_stall
                0x00007d94       0x74 .pio\build\uno_r4_minima\libFrameworkArduino.a(dcd_rusb2.c.o)
                0x00007d94                dcd_edpt_clear_stall
 .text.dcd_int_handler
                0x00007e08      0x4bc .pio\build\uno_r4_minima\libFrameworkArduino.a(dcd_rusb2.c.o)
                0x00007e08                dcd_int_handler
 .text.tusb_rusb2_set_irqnum
                0x000082c4       0x10 .pio\build\uno_r4_minima\libFrameworkArduino.a(rusb2_common.c.o)
                0x000082c4                tusb_rusb2_set_irqnum
 .text.tusb_inited
                0x000082d4        0x4 .pio\build\uno_r4_minima\libFrameworkArduino.a(tusb.c.o)
                0x000082d4                tusb_inited
 .text.tu_edpt_claim
                0x000082d8       0x2e .pio\build\uno_r4_minima\libFrameworkArduino.a(tusb.c.o)
                0x000082d8                tu_edpt_claim
 .text.tu_edpt_release
                0x00008306       0x20 .pio\build\uno_r4_minima\libFrameworkArduino.a(tusb.c.o)
                0x00008306                tu_edpt_release
 *fill*         0x00008326        0x2 ff
 .text.tu_edpt_validate
                0x00008328       0x60 .pio\build\uno_r4_minima\libFrameworkArduino.a(tusb.c.o)
                0x00008328                tu_edpt_validate
 .text.tu_edpt_bind_driver
                0x00008388       0x24 .pio\build\uno_r4_minima\libFrameworkArduino.a(tusb.c.o)
                0x00008388                tu_edpt_bind_driver
 .text._Z10getPinCfgsh11PinCfgReq_t
                0x000083ac       0xe0 .pio\build\uno_r4_minima\libFrameworkArduino.a(variant_helper.cpp.o)
                0x000083ac                getPinCfgs(unsigned char, PinCfgReq_t)
 .text.dfu_rtd_init
                0x0000848c        0x2 .pio\build\uno_r4_minima\libFrameworkArduino.a(dfu_rt_device.c.o)
                0x0000848c                dfu_rtd_init
 .text.dfu_rtd_reset
                0x0000848e        0x2 .pio\build\uno_r4_minima\libFrameworkArduino.a(dfu_rt_device.c.o)
                0x0000848e                dfu_rtd_reset
 .text.dfu_rtd_open
                0x00008490       0x24 .pio\build\uno_r4_minima\libFrameworkArduino.a(dfu_rt_device.c.o)
                0x00008490                dfu_rtd_open
 .text.dfu_rtd_control_xfer_cb
                0x000084b4       0x64 .pio\build\uno_r4_minima\libFrameworkArduino.a(dfu_rt_device.c.o)
                0x000084b4                dfu_rtd_control_xfer_cb
 .text.hidd_reset
                0x00008518       0x10 .pio\build\uno_r4_minima\libFrameworkArduino.a(hid_device.c.o)
                0x00008518                hidd_reset
 .text.hidd_init
                0x00008528        0x6 .pio\build\uno_r4_minima\libFrameworkArduino.a(hid_device.c.o)
                0x00008528                hidd_init
 *fill*         0x0000852e        0x2 ff
 .text.hidd_open
                0x00008530       0xc4 .pio\build\uno_r4_minima\libFrameworkArduino.a(hid_device.c.o)
                0x00008530                hidd_open
 .text.hidd_control_xfer_cb
                0x000085f4      0x1e0 .pio\build\uno_r4_minima\libFrameworkArduino.a(hid_device.c.o)
                0x000085f4                hidd_control_xfer_cb
 .text.hidd_xfer_cb
                0x000087d4       0x7c .pio\build\uno_r4_minima\libFrameworkArduino.a(hid_device.c.o)
                0x000087d4                hidd_xfer_cb
 .text.R_WDT_Open
                0x00008850       0x58 C:\Users\tsano\.platformio\packages\framework-arduinorenesas-uno\variants\MINIMA\libs\libfsp.a(r_wdt.o)
                0x00008850                R_WDT_Open
 .text.R_WDT_Refresh
                0x000088a8       0x10 C:\Users\tsano\.platformio\packages\framework-arduinorenesas-uno\variants\MINIMA\libs\libfsp.a(r_wdt.o)
                0x000088a8                R_WDT_Refresh
 .text.r_spi_call_callback
                0x000088b8       0x40 C:\Users\tsano\.platformio\packages\framework-arduinorenesas-uno\variants\MINIMA\libs\libfsp.a(r_spi.o)
 .text.spi_rxi_isr
                0x000088f8       0x9c C:\Users\tsano\.platformio\packages\framework-arduinorenesas-uno\variants\MINIMA\libs\libfsp.a(r_spi.o)
                0x000088f8                spi_rxi_isr
 .text.spi_txi_isr
                0x00008994       0xd8 C:\Users\tsano\.platformio\packages\framework-arduinorenesas-uno\variants\MINIMA\libs\libfsp.a(r_spi.o)
                0x00008994                spi_txi_isr
 .text.spi_tei_isr
                0x00008a6c       0xe0 C:\Users\tsano\.platformio\packages\framework-arduinorenesas-uno\variants\MINIMA\libs\libfsp.a(r_spi.o)
                0x00008a6c                spi_tei_isr
 .text.spi_eri_isr
                0x00008b4c       0xdc C:\Users\tsano\.platformio\packages\framework-arduinorenesas-uno\variants\MINIMA\libs\libfsp.a(r_spi.o)
                0x00008b4c                spi_eri_isr
 .text.r_sci_uart_call_callback
                0x00008c28       0x44 C:\Users\tsano\.platformio\packages\framework-arduinorenesas-uno\variants\MINIMA\libs\libfsp.a(r_sci_uart.o)
 .text.sci_uart_txi_isr
                0x00008c6c       0xec C:\Users\tsano\.platformio\packages\framework-arduinorenesas-uno\variants\MINIMA\libs\libfsp.a(r_sci_uart.o)
                0x00008c6c                sci_uart_txi_isr
 .text.sci_uart_rxi_isr
                0x00008d58      0x184 C:\Users\tsano\.platformio\packages\framework-arduinorenesas-uno\variants\MINIMA\libs\libfsp.a(r_sci_uart.o)
                0x00008d58                sci_uart_rxi_isr
 .text.sci_uart_tei_isr
                0x00008edc       0x40 C:\Users\tsano\.platformio\packages\framework-arduinorenesas-uno\variants\MINIMA\libs\libfsp.a(r_sci_uart.o)
                0x00008edc                sci_uart_tei_isr
 .text.sci_uart_eri_isr
                0x00008f1c       0x78 C:\Users\tsano\.platformio\packages\framework-arduinorenesas-uno\variants\MINIMA\libs\libfsp.a(r_sci_uart.o)
                0x00008f1c                sci_uart_eri_isr
 .text.r_sci_spi_call_callback
                0x00008f94       0x40 C:\Users\tsano\.platformio\packages\framework-arduinorenesas-uno\variants\MINIMA\libs\libfsp.a(r_sci_spi.o)
 .text.sci_spi_txi_isr
                0x00008fd4       0x68 C:\Users\tsano\.platformio\packages\framework-arduinorenesas-uno\variants\MINIMA\libs\libfsp.a(r_sci_spi.o)
                0x00008fd4                sci_spi_txi_isr
 .text.sci_spi_rxi_isr
                0x0000903c       0x74 C:\Users\tsano\.platformio\packages\framework-arduinorenesas-uno\variants\MINIMA\libs\libfsp.a(r_sci_spi.o)
                0x0000903c                sci_spi_rxi_isr
 .text.sci_spi_tei_isr
                0x000090b0       0x3c C:\Users\tsano\.platformio\packages\framework-arduinorenesas-uno\variants\MINIMA\libs\libfsp.a(r_sci_spi.o)
                0x000090b0                sci_spi_tei_isr
 .text.sci_spi_eri_isr
                0x000090ec       0x44 C:\Users\tsano\.platformio\packages\framework-arduinorenesas-uno\variants\MINIMA\libs\libfsp.a(r_sci_spi.o)
                0x000090ec                sci_spi_eri_isr
 .text.sci_i2c_enable_transfer_support_tx
                0x00009130       0x34 C:\Users\tsano\.platformio\packages\framework-arduinorenesas-uno\variants\MINIMA\libs\libfsp.a(r_sci_i2c.o)
 .text.sci_i2c_notify
                0x00009164       0x64 C:\Users\tsano\.platformio\packages\framework-arduinorenesas-uno\variants\MINIMA\libs\libfsp.a(r_sci_i2c.o)
                0x00009164                sci_i2c_notify
 .text.sci_i2c_rxi_isr
                0x000091c8       0x20 C:\Users\tsano\.platformio\packages\framework-arduinorenesas-uno\variants\MINIMA\libs\libfsp.a(r_sci_i2c.o)
                0x000091c8                sci_i2c_rxi_isr
 .text.sci_i2c_txi_isr
                0x000091e8      0x198 C:\Users\tsano\.platformio\packages\framework-arduinorenesas-uno\variants\MINIMA\libs\libfsp.a(r_sci_i2c.o)
                0x000091e8                sci_i2c_txi_isr
 .text.sci_i2c_tei_isr
                0x00009380       0xf0 C:\Users\tsano\.platformio\packages\framework-arduinorenesas-uno\variants\MINIMA\libs\libfsp.a(r_sci_i2c.o)
                0x00009380                sci_i2c_tei_isr
 .text.rtc_alarm_periodic_isr
                0x00009470       0x68 C:\Users\tsano\.platformio\packages\framework-arduinorenesas-uno\variants\MINIMA\libs\libfsp.a(r_rtc.o)
                0x00009470                rtc_alarm_periodic_isr
 .text.rtc_carry_isr
                0x000094d8       0x2c C:\Users\tsano\.platformio\packages\framework-arduinorenesas-uno\variants\MINIMA\libs\libfsp.a(r_rtc.o)
                0x000094d8                rtc_carry_isr
 .text.R_IOPORT_PinRead
                0x00009504       0x1c C:\Users\tsano\.platformio\packages\framework-arduinorenesas-uno\variants\MINIMA\libs\libfsp.a(r_ioport.o)
                0x00009504                R_IOPORT_PinRead
 .text.R_IOPORT_PinWrite
                0x00009520       0x20 C:\Users\tsano\.platformio\packages\framework-arduinorenesas-uno\variants\MINIMA\libs\libfsp.a(r_ioport.o)
                0x00009520                R_IOPORT_PinWrite
 .text.bsp_vbatt_init
                0x00009540       0xac C:\Users\tsano\.platformio\packages\framework-arduinorenesas-uno\variants\MINIMA\libs\libfsp.a(r_ioport.o)
 .text.R_IOPORT_PinCfg
                0x000095ec       0xa8 C:\Users\tsano\.platformio\packages\framework-arduinorenesas-uno\variants\MINIMA\libs\libfsp.a(r_ioport.o)
                0x000095ec                R_IOPORT_PinCfg
 .text.r_iic_slave_call_callback
                0x00009694       0x3c C:\Users\tsano\.platformio\packages\framework-arduinorenesas-uno\variants\MINIMA\libs\libfsp.a(r_iic_slave.o)
 .text.iic_slave_initiate_transaction
                0x000096d0       0x74 C:\Users\tsano\.platformio\packages\framework-arduinorenesas-uno\variants\MINIMA\libs\libfsp.a(r_iic_slave.o)
 .text.iic_slave_rxi_isr
                0x00009744      0x12c C:\Users\tsano\.platformio\packages\framework-arduinorenesas-uno\variants\MINIMA\libs\libfsp.a(r_iic_slave.o)
                0x00009744                iic_slave_rxi_isr
 .text.iic_slave_txi_isr
                0x00009870       0xa8 C:\Users\tsano\.platformio\packages\framework-arduinorenesas-uno\variants\MINIMA\libs\libfsp.a(r_iic_slave.o)
                0x00009870                iic_slave_txi_isr
 .text.iic_slave_tei_isr
                0x00009918       0x94 C:\Users\tsano\.platformio\packages\framework-arduinorenesas-uno\variants\MINIMA\libs\libfsp.a(r_iic_slave.o)
                0x00009918                iic_slave_tei_isr
 .text.iic_slave_eri_isr
                0x000099ac      0x10c C:\Users\tsano\.platformio\packages\framework-arduinorenesas-uno\variants\MINIMA\libs\libfsp.a(r_iic_slave.o)
                0x000099ac                iic_slave_eri_isr
 .text.iic_master_notify
                0x00009ab8       0x3c C:\Users\tsano\.platformio\packages\framework-arduinorenesas-uno\variants\MINIMA\libs\libfsp.a(r_iic_master.o)
 .text.iic_master_open_hw_master
                0x00009af4      0x184 C:\Users\tsano\.platformio\packages\framework-arduinorenesas-uno\variants\MINIMA\libs\libfsp.a(r_iic_master.o)
 .text.iic_master_rxi_isr
                0x00009c78      0x13c C:\Users\tsano\.platformio\packages\framework-arduinorenesas-uno\variants\MINIMA\libs\libfsp.a(r_iic_master.o)
                0x00009c78                iic_master_rxi_isr
 .text.iic_master_txi_isr
                0x00009db4       0xec C:\Users\tsano\.platformio\packages\framework-arduinorenesas-uno\variants\MINIMA\libs\libfsp.a(r_iic_master.o)
                0x00009db4                iic_master_txi_isr
 .text.iic_master_tei_isr
                0x00009ea0       0xc4 C:\Users\tsano\.platformio\packages\framework-arduinorenesas-uno\variants\MINIMA\libs\libfsp.a(r_iic_master.o)
                0x00009ea0                iic_master_tei_isr
 .text.iic_master_eri_isr
                0x00009f64      0x140 C:\Users\tsano\.platformio\packages\framework-arduinorenesas-uno\variants\MINIMA\libs\libfsp.a(r_iic_master.o)
                0x00009f64                iic_master_eri_isr
 .text.r_icu_isr
                0x0000a0a4       0x6c C:\Users\tsano\.platformio\packages\framework-arduinorenesas-uno\variants\MINIMA\libs\libfsp.a(r_icu.o)
                0x0000a0a4                r_icu_isr
 .text.R_GPT_Start
                0x0000a110        0xc C:\Users\tsano\.platformio\packages\framework-arduinorenesas-uno\variants\MINIMA\libs\libfsp.a(r_gpt.o)
                0x0000a110                R_GPT_Start
 .text.R_GPT_Enable
                0x0000a11c       0x30 C:\Users\tsano\.platformio\packages\framework-arduinorenesas-uno\variants\MINIMA\libs\libfsp.a(r_gpt.o)
                0x0000a11c                R_GPT_Enable
 .text.r_gpt_enable_irq
                0x0000a14c       0x5c C:\Users\tsano\.platformio\packages\framework-arduinorenesas-uno\variants\MINIMA\libs\libfsp.a(r_gpt.o)
 .text.r_gpt_call_callback
                0x0000a1a8       0x3c C:\Users\tsano\.platformio\packages\framework-arduinorenesas-uno\variants\MINIMA\libs\libfsp.a(r_gpt.o)
 .text.gpt_calculate_duty_cycle.isra.0
                0x0000a1e4       0x78 C:\Users\tsano\.platformio\packages\framework-arduinorenesas-uno\variants\MINIMA\libs\libfsp.a(r_gpt.o)
 .text.R_GPT_Open
                0x0000a25c      0x264 C:\Users\tsano\.platformio\packages\framework-arduinorenesas-uno\variants\MINIMA\libs\libfsp.a(r_gpt.o)
                0x0000a25c                R_GPT_Open
 .text.R_GPT_Close
                0x0000a4c0       0xd4 C:\Users\tsano\.platformio\packages\framework-arduinorenesas-uno\variants\MINIMA\libs\libfsp.a(r_gpt.o)
                0x0000a4c0                R_GPT_Close
 .text.gpt_counter_overflow_isr
                0x0000a594       0x78 C:\Users\tsano\.platformio\packages\framework-arduinorenesas-uno\variants\MINIMA\libs\libfsp.a(r_gpt.o)
                0x0000a594                gpt_counter_overflow_isr
 .text.R_DAC_Open
                0x0000a60c       0x88 C:\Users\tsano\.platformio\packages\framework-arduinorenesas-uno\variants\MINIMA\libs\libfsp.a(r_dac.o)
                0x0000a60c                R_DAC_Open
 .text.R_DAC_Write
                0x0000a694        0xc C:\Users\tsano\.platformio\packages\framework-arduinorenesas-uno\variants\MINIMA\libs\libfsp.a(r_dac.o)
                0x0000a694                R_DAC_Write
 .text.R_DAC_Start
                0x0000a6a0       0x30 C:\Users\tsano\.platformio\packages\framework-arduinorenesas-uno\variants\MINIMA\libs\libfsp.a(r_dac.o)
                0x0000a6a0                R_DAC_Start
 .text.R_DAC_Stop
                0x0000a6d0       0x34 C:\Users\tsano\.platformio\packages\framework-arduinorenesas-uno\variants\MINIMA\libs\libfsp.a(r_dac.o)
                0x0000a6d0                R_DAC_Stop
 .text.R_DAC_Close
                0x0000a704       0x40 C:\Users\tsano\.platformio\packages\framework-arduinorenesas-uno\variants\MINIMA\libs\libfsp.a(r_dac.o)
                0x0000a704                R_DAC_Close
 .text.r_can_call_callback
                0x0000a744       0x68 C:\Users\tsano\.platformio\packages\framework-arduinorenesas-uno\variants\MINIMA\libs\libfsp.a(r_can.o)
 .text.can_error_isr
                0x0000a7ac       0xd4 C:\Users\tsano\.platformio\packages\framework-arduinorenesas-uno\variants\MINIMA\libs\libfsp.a(r_can.o)
                0x0000a7ac                can_error_isr
 .text.can_rx_isr
                0x0000a880      0x118 C:\Users\tsano\.platformio\packages\framework-arduinorenesas-uno\variants\MINIMA\libs\libfsp.a(r_can.o)
                0x0000a880                can_rx_isr
 .text.can_tx_isr
                0x0000a998       0xa0 C:\Users\tsano\.platformio\packages\framework-arduinorenesas-uno\variants\MINIMA\libs\libfsp.a(r_can.o)
                0x0000a998                can_tx_isr
 .text.R_AGT_Start
                0x0000aa38       0x38 C:\Users\tsano\.platformio\packages\framework-arduinorenesas-uno\variants\MINIMA\libs\libfsp.a(r_agt.o)
                0x0000aa38                R_AGT_Start
 .text.R_AGT_Enable
                0x0000aa70       0x14 C:\Users\tsano\.platformio\packages\framework-arduinorenesas-uno\variants\MINIMA\libs\libfsp.a(r_agt.o)
                0x0000aa70                R_AGT_Enable
 .text.R_AGT_Close
                0x0000aa84       0x84 C:\Users\tsano\.platformio\packages\framework-arduinorenesas-uno\variants\MINIMA\libs\libfsp.a(r_agt.o)
                0x0000aa84                R_AGT_Close
 .text.R_AGT_Open
                0x0000ab08      0x118 C:\Users\tsano\.platformio\packages\framework-arduinorenesas-uno\variants\MINIMA\libs\libfsp.a(r_agt.o)
                0x0000ab08                R_AGT_Open
 .text.agt_int_isr
                0x0000ac20       0x88 C:\Users\tsano\.platformio\packages\framework-arduinorenesas-uno\variants\MINIMA\libs\libfsp.a(r_agt.o)
                0x0000ac20                agt_int_isr
 .text.R_ADC_ScanStart
                0x0000aca8        0xc C:\Users\tsano\.platformio\packages\framework-arduinorenesas-uno\variants\MINIMA\libs\libfsp.a(r_adc.o)
                0x0000aca8                R_ADC_ScanStart
 .text.R_ADC_StatusGet
                0x0000acb4       0x10 C:\Users\tsano\.platformio\packages\framework-arduinorenesas-uno\variants\MINIMA\libs\libfsp.a(r_adc.o)
                0x0000acb4                R_ADC_StatusGet
 .text.R_ADC_Read
                0x0000acc4       0x10 C:\Users\tsano\.platformio\packages\framework-arduinorenesas-uno\variants\MINIMA\libs\libfsp.a(r_adc.o)
                0x0000acc4                R_ADC_Read
 .text.R_ADC_ScanCfg
                0x0000acd4      0x1a0 C:\Users\tsano\.platformio\packages\framework-arduinorenesas-uno\variants\MINIMA\libs\libfsp.a(r_adc.o)
                0x0000acd4                R_ADC_ScanCfg
 .text.R_ADC_Open
                0x0000ae74      0x240 C:\Users\tsano\.platformio\packages\framework-arduinorenesas-uno\variants\MINIMA\libs\libfsp.a(r_adc.o)
                0x0000ae74                R_ADC_Open
 .text.R_ADC_Close
                0x0000b0b4       0xfc C:\Users\tsano\.platformio\packages\framework-arduinorenesas-uno\variants\MINIMA\libs\libfsp.a(r_adc.o)
                0x0000b0b4                R_ADC_Close
 .text.bsp_prv_software_delay_loop
                0x0000b1b0        0xc C:\Users\tsano\.platformio\packages\framework-arduinorenesas-uno\variants\MINIMA\libs\libfsp.a(bsp_delay.o)
                0x0000b1b0                bsp_prv_software_delay_loop
 .text.R_BSP_SoftwareDelay
                0x0000b1bc       0x5c C:\Users\tsano\.platformio\packages\framework-arduinorenesas-uno\variants\MINIMA\libs\libfsp.a(bsp_delay.o)
                0x0000b1bc                R_BSP_SoftwareDelay
 .text.bsp_irq_cfg
                0x0000b218       0x2c C:\Users\tsano\.platformio\packages\framework-arduinorenesas-uno\variants\MINIMA\libs\libfsp.a(bsp_irq.o)
                0x0000b218                bsp_irq_cfg
 .text.R_BSP_RegisterProtectEnable
                0x0000b244       0x60 C:\Users\tsano\.platformio\packages\framework-arduinorenesas-uno\variants\MINIMA\libs\libfsp.a(bsp_register_protection.o)
                0x0000b244                R_BSP_RegisterProtectEnable
 .text.R_BSP_RegisterProtectDisable
                0x0000b2a4       0x54 C:\Users\tsano\.platformio\packages\framework-arduinorenesas-uno\variants\MINIMA\libs\libfsp.a(bsp_register_protection.o)
                0x0000b2a4                R_BSP_RegisterProtectDisable
 .text.Default_Handler
                0x0000b2f8        0x4 C:\Users\tsano\.platformio\packages\framework-arduinorenesas-uno\variants\MINIMA\libs\libfsp.a(startup.o)
                0x0000b2f8                DebugMon_Handler
                0x0000b2f8                HardFault_Handler
                0x0000b2f8                SysTick_Handler
                0x0000b2f8                PendSV_Handler
                0x0000b2f8                UsageFault_Handler
                0x0000b2f8                SecureFault_Handler
                0x0000b2f8                Default_Handler
                0x0000b2f8                MemManage_Handler
                0x0000b2f8                SVC_Handler
                0x0000b2f8                BusFault_Handler
 .text.Reset_Handler
                0x0000b2fc        0xc C:\Users\tsano\.platformio\packages\framework-arduinorenesas-uno\variants\MINIMA\libs\libfsp.a(startup.o)
                0x0000b2fc                Reset_Handler
 .text.R_BSP_WarmStart
                0x0000b308        0x4 C:\Users\tsano\.platformio\packages\framework-arduinorenesas-uno\variants\MINIMA\libs\libfsp.a(system.o)
                0x0000b308                R_BSP_WarmStart
 .text.SystemInit
                0x0000b30c      0x15c C:\Users\tsano\.platformio\packages\framework-arduinorenesas-uno\variants\MINIMA\libs\libfsp.a(system.o)
                0x0000b30c                SystemInit
 .text.SystemCoreClockUpdate
                0x0000b468       0x28 C:\Users\tsano\.platformio\packages\framework-arduinorenesas-uno\variants\MINIMA\libs\libfsp.a(bsp_clocks.o)
                0x0000b468                SystemCoreClockUpdate
 .text.bsp_clock_init
                0x0000b490      0x12c C:\Users\tsano\.platformio\packages\framework-arduinorenesas-uno\variants\MINIMA\libs\libfsp.a(bsp_clocks.o)
                0x0000b490                bsp_clock_init
 .text.bsp_init_internal
                0x0000b5bc        0x4 C:\Users\tsano\.platformio\packages\framework-arduinorenesas-uno\variants\MINIMA\libs\libfsp.a(bsp_common.o)
                0x0000b5bc                bsp_init_internal
                0x0000b5bc                bsp_init
 .text.NMI_Handler
                0x0000b5c0       0x38 C:\Users\tsano\.platformio\packages\framework-arduinorenesas-uno\variants\MINIMA\libs\libfsp.a(bsp_group_irq.o)
                0x0000b5c0                NMI_Handler
 .text._Znwj    0x0000b5f8       0x22 c:/users/tsano/.platformio/packages/toolchain-gccarmnoneeabi/bin/../lib/gcc/arm-none-eabi/7.2.1/../../../../arm-none-eabi/lib/thumb/v7e-m/fpv4-sp/hard\libstdc++_nano.a(new_op.o)
                0x0000b5f8                operator new(unsigned int)
 .text.__cxa_guard_acquire
                0x0000b61a       0x18 c:/users/tsano/.platformio/packages/toolchain-gccarmnoneeabi/bin/../lib/gcc/arm-none-eabi/7.2.1/../../../../arm-none-eabi/lib/thumb/v7e-m/fpv4-sp/hard\libstdc++_nano.a(guard.o)
                0x0000b61a                __cxa_guard_acquire
 .text.__cxa_guard_release
                0x0000b632        0x6 c:/users/tsano/.platformio/packages/toolchain-gccarmnoneeabi/bin/../lib/gcc/arm-none-eabi/7.2.1/../../../../arm-none-eabi/lib/thumb/v7e-m/fpv4-sp/hard\libstdc++_nano.a(guard.o)
                0x0000b632                __cxa_guard_release
 .text._ZSt15get_new_handlerv
                0x0000b638       0x10 c:/users/tsano/.platformio/packages/toolchain-gccarmnoneeabi/bin/../lib/gcc/arm-none-eabi/7.2.1/../../../../arm-none-eabi/lib/thumb/v7e-m/fpv4-sp/hard\libstdc++_nano.a(new_handler.o)
                0x0000b638                std::get_new_handler()
 .text._ZdlPvj  0x0000b648        0x4 c:/users/tsano/.platformio/packages/toolchain-gccarmnoneeabi/bin/../lib/gcc/arm-none-eabi/7.2.1/../../../../arm-none-eabi/lib/thumb/v7e-m/fpv4-sp/hard\libstdc++_nano.a(del_ops.o)
                0x0000b648                operator delete(void*, unsigned int)
 .text._ZdlPv   0x0000b64c        0x4 c:/users/tsano/.platformio/packages/toolchain-gccarmnoneeabi/bin/../lib/gcc/arm-none-eabi/7.2.1/../../../../arm-none-eabi/lib/thumb/v7e-m/fpv4-sp/hard\libstdc++_nano.a(del_op.o)
                0x0000b64c                operator delete(void*)
 .text          0x0000b650      0x378 c:/users/tsano/.platformio/packages/toolchain-gccarmnoneeabi/bin/../lib/gcc/arm-none-eabi/7.2.1/thumb/v7e-m/fpv4-sp/hard\libgcc.a(_arm_addsubdf3.o)
                0x0000b650                __aeabi_drsub
                0x0000b658                __aeabi_dsub
                0x0000b658                __subdf3
                0x0000b65c                __aeabi_dadd
                0x0000b65c                __adddf3
                0x0000b8d4                __floatunsidf
                0x0000b8d4                __aeabi_ui2d
                0x0000b8f4                __floatsidf
                0x0000b8f4                __aeabi_i2d
                0x0000b918                __aeabi_f2d
                0x0000b918                __extendsfdf2
                0x0000b95c                __floatundidf
                0x0000b95c                __aeabi_ul2d
                0x0000b96c                __floatdidf
                0x0000b96c                __aeabi_l2d
 .text          0x0000b9c8      0x424 c:/users/tsano/.platformio/packages/toolchain-gccarmnoneeabi/bin/../lib/gcc/arm-none-eabi/7.2.1/thumb/v7e-m/fpv4-sp/hard\libgcc.a(_arm_muldivdf3.o)
                0x0000b9c8                __aeabi_dmul
                0x0000b9c8                __muldf3
                0x0000bc1c                __divdf3
                0x0000bc1c                __aeabi_ddiv
 .text          0x0000bdec       0xa0 c:/users/tsano/.platformio/packages/toolchain-gccarmnoneeabi/bin/../lib/gcc/arm-none-eabi/7.2.1/thumb/v7e-m/fpv4-sp/hard\libgcc.a(_arm_truncdfsf2.o)
                0x0000bdec                __truncdfsf2
                0x0000bdec                __aeabi_d2f
 .text.PINCOUNT_fn
                0x0000be8c        0x4 .pio\build\uno_r4_minima\libFrameworkArduinoVariant.a(variant.cpp.o)
                0x0000be8c                PINCOUNT_fn
 .text._Z23usb_post_initializationv
                0x0000be90       0x14 .pio\build\uno_r4_minima\libFrameworkArduinoVariant.a(variant.cpp.o)
                0x0000be90                usb_post_initialization()
 .text.initVariant
                0x0000bea4       0x98 .pio\build\uno_r4_minima\libFrameworkArduinoVariant.a(variant.cpp.o)
                0x0000bea4                initVariant
 .text.abort    0x0000bf3c        0xe c:/users/tsano/.platformio/packages/toolchain-gccarmnoneeabi/bin/../lib/gcc/arm-none-eabi/7.2.1/../../../../arm-none-eabi/lib/thumb/v7e-m/fpv4-sp/hard\libc_nano.a(lib_a-abort.o)
                0x0000bf3c                abort
 *fill*         0x0000bf4a        0x2 ff
 .text.malloc   0x0000bf4c       0x10 c:/users/tsano/.platformio/packages/toolchain-gccarmnoneeabi/bin/../lib/gcc/arm-none-eabi/7.2.1/../../../../arm-none-eabi/lib/thumb/v7e-m/fpv4-sp/hard\libc_nano.a(lib_a-malloc.o)
                0x0000bf4c                malloc
 .text.free     0x0000bf5c       0x10 c:/users/tsano/.platformio/packages/toolchain-gccarmnoneeabi/bin/../lib/gcc/arm-none-eabi/7.2.1/../../../../arm-none-eabi/lib/thumb/v7e-m/fpv4-sp/hard\libc_nano.a(lib_a-malloc.o)
                0x0000bf5c                free
 .text.memcpy   0x0000bf6c       0x16 c:/users/tsano/.platformio/packages/toolchain-gccarmnoneeabi/bin/../lib/gcc/arm-none-eabi/7.2.1/../../../../arm-none-eabi/lib/thumb/v7e-m/fpv4-sp/hard\libc_nano.a(lib_a-memcpy-stub.o)
                0x0000bf6c                memcpy
 .text.memset   0x0000bf82       0x10 c:/users/tsano/.platformio/packages/toolchain-gccarmnoneeabi/bin/../lib/gcc/arm-none-eabi/7.2.1/../../../../arm-none-eabi/lib/thumb/v7e-m/fpv4-sp/hard\libc_nano.a(lib_a-memset.o)
                0x0000bf82                memset
 *fill*         0x0000bf92        0x2 ff
 .text._free_r  0x0000bf94       0x9c c:/users/tsano/.platformio/packages/toolchain-gccarmnoneeabi/bin/../lib/gcc/arm-none-eabi/7.2.1/../../../../arm-none-eabi/lib/thumb/v7e-m/fpv4-sp/hard\libc_nano.a(lib_a-nano-freer.o)
                0x0000bf94                _free_r
 .text._malloc_r
                0x0000c030       0xb4 c:/users/tsano/.platformio/packages/toolchain-gccarmnoneeabi/bin/../lib/gcc/arm-none-eabi/7.2.1/../../../../arm-none-eabi/lib/thumb/v7e-m/fpv4-sp/hard\libc_nano.a(lib_a-nano-mallocr.o)
                0x0000c030                _malloc_r
 .text._sbrk_r  0x0000c0e4       0x20 c:/users/tsano/.platformio/packages/toolchain-gccarmnoneeabi/bin/../lib/gcc/arm-none-eabi/7.2.1/../../../../arm-none-eabi/lib/thumb/v7e-m/fpv4-sp/hard\libc_nano.a(lib_a-sbrkr.o)
                0x0000c0e4                _sbrk_r
 .text._raise_r
                0x0000c104       0x50 c:/users/tsano/.platformio/packages/toolchain-gccarmnoneeabi/bin/../lib/gcc/arm-none-eabi/7.2.1/../../../../arm-none-eabi/lib/thumb/v7e-m/fpv4-sp/hard\libc_nano.a(lib_a-signal.o)
                0x0000c104                _raise_r
 .text.raise    0x0000c154       0x10 c:/users/tsano/.platformio/packages/toolchain-gccarmnoneeabi/bin/../lib/gcc/arm-none-eabi/7.2.1/../../../../arm-none-eabi/lib/thumb/v7e-m/fpv4-sp/hard\libc_nano.a(lib_a-signal.o)
                0x0000c154                raise
 .text._kill_r  0x0000c164       0x24 c:/users/tsano/.platformio/packages/toolchain-gccarmnoneeabi/bin/../lib/gcc/arm-none-eabi/7.2.1/../../../../arm-none-eabi/lib/thumb/v7e-m/fpv4-sp/hard\libc_nano.a(lib_a-signalr.o)
                0x0000c164                _kill_r
 .text._getpid_r
                0x0000c188        0x4 c:/users/tsano/.platformio/packages/toolchain-gccarmnoneeabi/bin/../lib/gcc/arm-none-eabi/7.2.1/../../../../arm-none-eabi/lib/thumb/v7e-m/fpv4-sp/hard\libc_nano.a(lib_a-signalr.o)
                0x0000c188                _getpid_r
 .text.__malloc_lock
                0x0000c18c        0x2 c:/users/tsano/.platformio/packages/toolchain-gccarmnoneeabi/bin/../lib/gcc/arm-none-eabi/7.2.1/../../../../arm-none-eabi/lib/thumb/v7e-m/fpv4-sp/hard\libc_nano.a(lib_a-mlock.o)
                0x0000c18c                __malloc_lock
 .text.__malloc_unlock
                0x0000c18e        0x2 c:/users/tsano/.platformio/packages/toolchain-gccarmnoneeabi/bin/../lib/gcc/arm-none-eabi/7.2.1/../../../../arm-none-eabi/lib/thumb/v7e-m/fpv4-sp/hard\libc_nano.a(lib_a-mlock.o)
                0x0000c18e                __malloc_unlock
 .text._getpid  0x0000c190       0x10 c:/users/tsano/.platformio/packages/toolchain-gccarmnoneeabi/bin/../lib/gcc/arm-none-eabi/7.2.1/../../../../arm-none-eabi/lib/thumb/v7e-m/fpv4-sp/hard\libnosys.a(getpid.o)
                0x0000c190                _getpid
 .text._kill    0x0000c1a0       0x10 c:/users/tsano/.platformio/packages/toolchain-gccarmnoneeabi/bin/../lib/gcc/arm-none-eabi/7.2.1/../../../../arm-none-eabi/lib/thumb/v7e-m/fpv4-sp/hard\libnosys.a(kill.o)
                0x0000c1a0                _kill
 .text._sbrk    0x0000c1b0       0x1c c:/users/tsano/.platformio/packages/toolchain-gccarmnoneeabi/bin/../lib/gcc/arm-none-eabi/7.2.1/../../../../arm-none-eabi/lib/thumb/v7e-m/fpv4-sp/hard\libnosys.a(sbrk.o)
                0x0000c1b0                _sbrk
 .text._exit    0x0000c1cc        0x4 c:/users/tsano/.platformio/packages/toolchain-gccarmnoneeabi/bin/../lib/gcc/arm-none-eabi/7.2.1/../../../../arm-none-eabi/lib/thumb/v7e-m/fpv4-sp/hard\libnosys.a(_exit.o)
                0x0000c1cc                _exit
 *(.version)
 .version       0x0000c1d0       0x50 C:\Users\tsano\.platformio\packages\framework-arduinorenesas-uno\variants\MINIMA\libs\libfsp.a(bsp_common.o)
 *(.init)
 .init          0x0000c220        0x4 c:/users/tsano/.platformio/packages/toolchain-gccarmnoneeabi/bin/../lib/gcc/arm-none-eabi/7.2.1/thumb/v7e-m/fpv4-sp/hard/crti.o
                0x0000c220                _init
 .init          0x0000c224        0x8 c:/users/tsano/.platformio/packages/toolchain-gccarmnoneeabi/bin/../lib/gcc/arm-none-eabi/7.2.1/thumb/v7e-m/fpv4-sp/hard/crtn.o
 *(.fini)
 .fini          0x0000c22c        0x4 c:/users/tsano/.platformio/packages/toolchain-gccarmnoneeabi/bin/../lib/gcc/arm-none-eabi/7.2.1/thumb/v7e-m/fpv4-sp/hard/crti.o
                0x0000c22c                _fini
 .fini          0x0000c230        0x8 c:/users/tsano/.platformio/packages/toolchain-gccarmnoneeabi/bin/../lib/gcc/arm-none-eabi/7.2.1/thumb/v7e-m/fpv4-sp/hard/crtn.o
 *crtbegin.o(.ctors)
 *crtbegin?.o(.ctors)
 *(EXCLUDE_FILE(*crtend.o *crtend?.o) .ctors)
 *(SORT_BY_NAME(.ctors.*))
 *(.ctors)
 *crtbegin.o(.dtors)
 *crtbegin?.o(.dtors)
 *(EXCLUDE_FILE(*crtend.o *crtend?.o) .dtors)
 *(SORT_BY_NAME(.dtors.*))
 *(.dtors)
 *(.rodata*)
 .rodata._ZTV10_SerialUSB
                0x0000c238       0x34 .pio\build\uno_r4_minima\libFrameworkArduino.a(SerialUSB.cpp.o)
                0x0000c238                vtable for _SerialUSB
 .rodata._ZZ24tud_descriptor_string_cbE13usbd_desc_str
                0x0000c26c       0x18 .pio\build\uno_r4_minima\libFrameworkArduino.a(USB.cpp.o)
 .rodata.str1.1
                0x0000c284       0x2b .pio\build\uno_r4_minima\libFrameworkArduino.a(USB.cpp.o)
                                 0x2c (size before relaxing)
 .rodata.g_interrupt_event_link_select
                0x0000c2af       0x20 .pio\build\uno_r4_minima\libFrameworkArduino.a(vector_table.c.o)
                0x0000c2af                g_interrupt_event_link_select
 .rodata.CSWTCH.44
                0x0000c2cf        0x6 .pio\build\uno_r4_minima\libFrameworkArduino.a(analog.cpp.o)
 .rodata.CSWTCH.72
                0x0000c2d5        0x5 .pio\build\uno_r4_minima\libFrameworkArduino.a(analog.cpp.o)
 *fill*         0x0000c2da        0x2 ff
 .rodata._usbd_driver
                0x0000c2dc       0x48 .pio\build\uno_r4_minima\libFrameworkArduino.a(usbd.c.o)
 .rodata.g_wdtcr_timeout
                0x0000c324        0x7 C:\Users\tsano\.platformio\packages\framework-arduinorenesas-uno\variants\MINIMA\libs\libfsp.a(r_wdt.o)
 *fill*         0x0000c32b        0x1 ff
 .rodata.adc_elc_trigger_lut
                0x0000c32c        0xc C:\Users\tsano\.platformio\packages\framework-arduinorenesas-uno\variants\MINIMA\libs\libfsp.a(r_adc.o)
 .rodata.g_prcr_masks
                0x0000c338        0x8 C:\Users\tsano\.platformio\packages\framework-arduinorenesas-uno\variants\MINIMA\libs\libfsp.a(bsp_register_protection.o)
 .rodata._ZL4P000
                0x0000c340        0x4 .pio\build\uno_r4_minima\libFrameworkArduinoVariant.a(variant.cpp.o)
 .rodata._ZL4P001
                0x0000c344        0x4 .pio\build\uno_r4_minima\libFrameworkArduinoVariant.a(variant.cpp.o)
 .rodata._ZL4P002
                0x0000c348        0x4 .pio\build\uno_r4_minima\libFrameworkArduinoVariant.a(variant.cpp.o)
 .rodata._ZL4P012
                0x0000c34c        0x2 .pio\build\uno_r4_minima\libFrameworkArduinoVariant.a(variant.cpp.o)
 .rodata._ZL4P013
                0x0000c34e        0x2 .pio\build\uno_r4_minima\libFrameworkArduinoVariant.a(variant.cpp.o)
 .rodata._ZL4P100
                0x0000c350        0xe .pio\build\uno_r4_minima\libFrameworkArduinoVariant.a(variant.cpp.o)
 .rodata._ZL4P101
                0x0000c35e        0xe .pio\build\uno_r4_minima\libFrameworkArduinoVariant.a(variant.cpp.o)
 .rodata._ZL4P102
                0x0000c36c        0xc .pio\build\uno_r4_minima\libFrameworkArduinoVariant.a(variant.cpp.o)
 .rodata._ZL4P103
                0x0000c378        0x8 .pio\build\uno_r4_minima\libFrameworkArduinoVariant.a(variant.cpp.o)
 .rodata._ZL4P104
                0x0000c380        0x6 .pio\build\uno_r4_minima\libFrameworkArduinoVariant.a(variant.cpp.o)
 .rodata._ZL4P105
                0x0000c386        0x4 .pio\build\uno_r4_minima\libFrameworkArduinoVariant.a(variant.cpp.o)
 .rodata._ZL4P106
                0x0000c38a        0x2 .pio\build\uno_r4_minima\libFrameworkArduinoVariant.a(variant.cpp.o)
 .rodata._ZL4P107
                0x0000c38c        0x2 .pio\build\uno_r4_minima\libFrameworkArduinoVariant.a(variant.cpp.o)
 .rodata._ZL4P108
                0x0000c38e        0x4 .pio\build\uno_r4_minima\libFrameworkArduinoVariant.a(variant.cpp.o)
 .rodata._ZL4P109
                0x0000c392        0xa .pio\build\uno_r4_minima\libFrameworkArduinoVariant.a(variant.cpp.o)
 .rodata._ZL4P110
                0x0000c39c        0xc .pio\build\uno_r4_minima\libFrameworkArduinoVariant.a(variant.cpp.o)
 .rodata._ZL4P111
                0x0000c3a8        0xa .pio\build\uno_r4_minima\libFrameworkArduinoVariant.a(variant.cpp.o)
 .rodata._ZL4P112
                0x0000c3b2        0x6 .pio\build\uno_r4_minima\libFrameworkArduinoVariant.a(variant.cpp.o)
 .rodata._ZL4P300
                0x0000c3b8        0x2 .pio\build\uno_r4_minima\libFrameworkArduinoVariant.a(variant.cpp.o)
 .rodata._ZL4P301
                0x0000c3ba        0x8 .pio\build\uno_r4_minima\libFrameworkArduinoVariant.a(variant.cpp.o)
 .rodata._ZL4P302
                0x0000c3c2        0x6 .pio\build\uno_r4_minima\libFrameworkArduinoVariant.a(variant.cpp.o)
 .rodata._ZL4P303
                0x0000c3c8        0x2 .pio\build\uno_r4_minima\libFrameworkArduinoVariant.a(variant.cpp.o)
 .rodata._ZL4P304
                0x0000c3ca        0x4 .pio\build\uno_r4_minima\libFrameworkArduinoVariant.a(variant.cpp.o)
 .rodata._ZL4P500
                0x0000c3ce        0x4 .pio\build\uno_r4_minima\libFrameworkArduinoVariant.a(variant.cpp.o)
 .rodata._ZL4P501
                0x0000c3d2        0x8 .pio\build\uno_r4_minima\libFrameworkArduinoVariant.a(variant.cpp.o)
 .rodata._ZL4P502
                0x0000c3da        0x8 .pio\build\uno_r4_minima\libFrameworkArduinoVariant.a(variant.cpp.o)
 .rodata._ZL6P014_b
                0x0000c3e2        0x4 .pio\build\uno_r4_minima\libFrameworkArduinoVariant.a(variant.cpp.o)
 *fill*         0x0000c3e6        0x2 ff
 .rodata.g_pin_cfg
                0x0000c3e8       0xd8 .pio\build\uno_r4_minima\libFrameworkArduinoVariant.a(variant.cpp.o)
                0x0000c3e8                g_pin_cfg
 *(.eh_frame*)
 .eh_frame      0x0000c4c0        0x0 c:/users/tsano/.platformio/packages/toolchain-gccarmnoneeabi/bin/../lib/gcc/arm-none-eabi/7.2.1/thumb/v7e-m/fpv4-sp/hard/crtbegin.o
 .eh_frame      0x0000c4c0        0x4 c:/users/tsano/.platformio/packages/toolchain-gccarmnoneeabi/bin/../lib/gcc/arm-none-eabi/7.2.1/thumb/v7e-m/fpv4-sp/hard/crtend.o
                0x0000c4c4                __ROM_End = .
                0x000000c0                __Vectors_Size = (__Vectors_End - __Vectors)

.glue_7         0x0000c4c4        0x0
 .glue_7        0x0000c4c4        0x0 linker stubs

.glue_7t        0x0000c4c4        0x0
 .glue_7t       0x0000c4c4        0x0 linker stubs

.vfp11_veneer   0x0000c4c4        0x0
 .vfp11_veneer  0x0000c4c4        0x0 linker stubs

.v4_bx          0x0000c4c4        0x0
 .v4_bx         0x0000c4c4        0x0 linker stubs

.iplt           0x0000c4c4        0x0
 .iplt          0x0000c4c4        0x0 c:/users/tsano/.platformio/packages/toolchain-gccarmnoneeabi/bin/../lib/gcc/arm-none-eabi/7.2.1/thumb/v7e-m/fpv4-sp/hard/crtbegin.o

.rel.dyn        0x0000c4c4        0x0
 .rel.iplt      0x0000c4c4        0x0 c:/users/tsano/.platformio/packages/toolchain-gccarmnoneeabi/bin/../lib/gcc/arm-none-eabi/7.2.1/thumb/v7e-m/fpv4-sp/hard/crtbegin.o

.ARM.extab
 *(.ARM.extab* .gnu.linkonce.armextab.*)
                0x0000c4c4                __exidx_start = .

.ARM.exidx
 *(.ARM.exidx* .gnu.linkonce.armexidx.*)
                0x0000c4c4                __exidx_end = .
                0x0000c4c4                __etext = .
                0x20000000                __tz_RAM_S = ORIGIN (RAM)

.fsp_dtc_vector_table
                0x20000000        0x0
                0x20000000                . = ORIGIN (RAM)
 *(.fsp_dtc_vector_table)

.data           0x20000000       0xbc load address 0x0000c4c4
                0x20000000                __data_start__ = .
                0x20000000                . = ALIGN (0x4)
                0x20000000                __Code_In_RAM_Start = .
 *(.code_in_ram*)
                0x20000000                __Code_In_RAM_End = .
 *(vtable)
 *(.data.*)
 .data.lastSwState
                0x20000000        0x1 .pio\build\uno_r4_minima\src\main.cpp.o
                0x20000000                lastSwState
 .data.stableSwState
                0x20000001        0x1 .pio\build\uno_r4_minima\src\main.cpp.o
                0x20000001                stableSwState
 .data._ZZN10_SerialUSBcvbEvE10first_call
                0x20000002        0x1 .pio\build\uno_r4_minima\libFrameworkArduino.a(SerialUSB.cpp.o)
 .data._ZZ24tud_descriptor_device_cbE16usbd_desc_device
                0x20000003       0x12 .pio\build\uno_r4_minima\libFrameworkArduino.a(USB.cpp.o)
 *fill*         0x20000015        0x3 
 .data._ZL30_analogRequestedReadResolution
                0x20000018        0x4 .pio\build\uno_r4_minima\libFrameworkArduino.a(analog.cpp.o)
 .data._usbd_qdef
                0x2000001c       0x10 .pio\build\uno_r4_minima\libFrameworkArduino.a(usbd.c.o)
                0x2000001c                _usbd_qdef
 .data._usbd_rhport
                0x2000002c        0x1 .pio\build\uno_r4_minima\libFrameworkArduino.a(usbd.c.o)
 *fill*         0x2000002d        0x3 
 .data.rusb2_controller
                0x20000030        0x8 .pio\build\uno_r4_minima\libFrameworkArduino.a(rusb2_common.c.o)
                0x20000030                rusb2_controller
 .data._impure_ptr
                0x20000038        0x4 c:/users/tsano/.platformio/packages/toolchain-gccarmnoneeabi/bin/../lib/gcc/arm-none-eabi/7.2.1/../../../../arm-none-eabi/lib/thumb/v7e-m/fpv4-sp/hard\libc_nano.a(lib_a-impure.o)
                0x20000038                _impure_ptr
 .data.impure_data
                0x2000003c       0x60 c:/users/tsano/.platformio/packages/toolchain-gccarmnoneeabi/bin/../lib/gcc/arm-none-eabi/7.2.1/../../../../arm-none-eabi/lib/thumb/v7e-m/fpv4-sp/hard\libc_nano.a(lib_a-impure.o)
 *(.data)
                0x2000009c                . = ALIGN (0x4)
                0x2000009c                PROVIDE (__preinit_array_start, .)
 *(.preinit_array)
                0x2000009c                PROVIDE (__preinit_array_end, .)
                0x2000009c                . = ALIGN (0x4)
                0x2000009c                PROVIDE (__init_array_start, .)
 *(SORT_BY_NAME(.init_array.*))
 *(.init_array)
 .init_array    0x2000009c        0x4 c:/users/tsano/.platformio/packages/toolchain-gccarmnoneeabi/bin/../lib/gcc/arm-none-eabi/7.2.1/thumb/v7e-m/fpv4-sp/hard/crtbegin.o
 .init_array    0x200000a0        0x4 .pio\build\uno_r4_minima\libFrameworkArduino.a(time.cpp.o)
 .init_array    0x200000a4        0x4 .pio\build\uno_r4_minima\libFrameworkArduino.a(SerialUSB.cpp.o)
 .init_array    0x200000a8        0x4 .pio\build\uno_r4_minima\libFrameworkArduino.a(analog.cpp.o)
 .init_array    0x200000ac        0x4 .pio\build\uno_r4_minima\libFrameworkArduino.a(dac.cpp.o)
                0x200000b0                PROVIDE (__init_array_end, .)
                0x200000b0                . = ALIGN (0x4)
                [!provide]                PROVIDE (__fini_array_start, .)
 *(SORT_BY_NAME(.fini_array.*))
 *(.fini_array)
 .fini_array    0x200000b0        0x4 c:/users/tsano/.platformio/packages/toolchain-gccarmnoneeabi/bin/../lib/gcc/arm-none-eabi/7.2.1/thumb/v7e-m/fpv4-sp/hard/crtbegin.o
 .fini_array    0x200000b4        0x4 .pio\build\uno_r4_minima\libFrameworkArduino.a(time.cpp.o)
 .fini_array    0x200000b8        0x4 .pio\build\uno_r4_minima\libFrameworkArduino.a(analog.cpp.o)
                [!provide]                PROVIDE (__fini_array_end, .)
 *(.jcr*)
                0x200000bc                . = ALIGN (0x4)
                0x200000bc                __data_end__ = .

.igot.plt       0x200000bc        0x0 load address 0x0000c580
 .igot.plt      0x200000bc        0x0 c:/users/tsano/.platformio/packages/toolchain-gccarmnoneeabi/bin/../lib/gcc/arm-none-eabi/7.2.1/thumb/v7e-m/fpv4-sp/hard/crtbegin.o

.noinit         0x200000bc       0x1c load address 0x0000c580
                0x200000bc                . = ALIGN (0x4)
                0x200000bc                __noinit_start = .
 *(.noinit*)
 .noinit        0x200000bc       0x18 C:\Users\tsano\.platformio\packages\framework-arduinorenesas-uno\variants\MINIMA\libs\libfsp.a(bsp_clocks.o)
                0x200000d8                . = ALIGN (0x8)
 *fill*         0x200000d4        0x4 
 *(.heap.*)
                0x200000d8                __noinit_end = .

.bss            0x200000d8      0x92c load address 0x0000c580
                0x200000d8                . = ALIGN (0x4)
                0x200000d8                __bss_start__ = .
 *(.bss*)
 .bss           0x200000d8       0x1c c:/users/tsano/.platformio/packages/toolchain-gccarmnoneeabi/bin/../lib/gcc/arm-none-eabi/7.2.1/thumb/v7e-m/fpv4-sp/hard/crtbegin.o
 .bss.lastSwTime
                0x200000f4        0x4 .pio\build\uno_r4_minima\src\main.cpp.o
                0x200000f4                lastSwTime
 .bss.ledTimer  0x200000f8        0x4 .pio\build\uno_r4_minima\src\main.cpp.o
                0x200000f8                ledTimer
 .bss.mode      0x200000fc        0x1 .pio\build\uno_r4_minima\src\main.cpp.o
                0x200000fc                mode
 *fill*         0x200000fd        0x3 
 .bss.stepIndex
                0x20000100        0x4 .pio\build\uno_r4_minima\src\main.cpp.o
                0x20000100                stepIndex
 .bss.irq_vector_table
                0x20000104        0x4 .pio\build\uno_r4_minima\libFrameworkArduino.a(main.cpp.o)
                0x20000104                irq_vector_table
 .bss._ZL9agt_timer
                0x20000108       0x38 .pio\build\uno_r4_minima\libFrameworkArduino.a(time.cpp.o)
 .bss.agt_time_ms
                0x20000140        0x4 .pio\build\uno_r4_minima\libFrameworkArduino.a(time.cpp.o)
                0x20000140                agt_time_ms
 .bss.SerialUSB
                0x20000144       0x14 .pio\build\uno_r4_minima\libFrameworkArduino.a(SerialUSB.cpp.o)
                0x20000144                SerialUSB
 .bss._ZN10_SerialUSB4_bpsE
                0x20000158        0x4 .pio\build\uno_r4_minima\libFrameworkArduino.a(SerialUSB.cpp.o)
                0x20000158                _SerialUSB::_bps
 .bss._ZN10_SerialUSB4_dtrE
                0x2000015c        0x1 .pio\build\uno_r4_minima\libFrameworkArduino.a(SerialUSB.cpp.o)
                0x2000015c                _SerialUSB::_dtr
 .bss._ZN10_SerialUSB4_rtsE
                0x2000015d        0x1 .pio\build\uno_r4_minima\libFrameworkArduino.a(SerialUSB.cpp.o)
                0x2000015d                _SerialUSB::_rts
 *fill*         0x2000015e        0x2 
 .bss._ZN10_SerialUSB5_bitsE
                0x20000160        0x4 .pio\build\uno_r4_minima\libFrameworkArduino.a(SerialUSB.cpp.o)
                0x20000160                _SerialUSB::_bits
 .bss._ZN10_SerialUSB5_stopE
                0x20000164        0x4 .pio\build\uno_r4_minima\libFrameworkArduino.a(SerialUSB.cpp.o)
                0x20000164                _SerialUSB::_stop
 .bss._ZN10_SerialUSB7_parityE
                0x20000168        0x4 .pio\build\uno_r4_minima\libFrameworkArduino.a(SerialUSB.cpp.o)
                0x20000168                _SerialUSB::_parity
 .bss.is_watchdog_reset_in_progress_for_upload
                0x2000016c        0x1 .pio\build\uno_r4_minima\libFrameworkArduino.a(SerialUSB.cpp.o)
                0x2000016c                is_watchdog_reset_in_progress_for_upload
 *fill*         0x2000016d        0x3 
 .bss._ZL13usbd_desc_cfg
                0x20000170        0x4 .pio\build\uno_r4_minima\libFrameworkArduino.a(USB.cpp.o)
 .bss._ZZ24tud_descriptor_string_cbE8desc_str
                0x20000174       0x42 .pio\build\uno_r4_minima\libFrameworkArduino.a(USB.cpp.o)
 .bss._ZZ24tud_descriptor_string_cbE8idString
                0x200001b6       0x41 .pio\build\uno_r4_minima\libFrameworkArduino.a(USB.cpp.o)
 .bss._ZN8FspTimer16agt_used_channelE
                0x200001f7        0x2 .pio\build\uno_r4_minima\libFrameworkArduino.a(FspTimer.cpp.o)
                0x200001f7                FspTimer::agt_used_channel
 .bss._ZN8FspTimer16gpt_used_channelE
                0x200001f9        0x8 .pio\build\uno_r4_minima\libFrameworkArduino.a(FspTimer.cpp.o)
                0x200001f9                FspTimer::gpt_used_channel
 .bss._ZN8FspTimer18force_pwm_reservedE
                0x20000201        0x1 .pio\build\uno_r4_minima\libFrameworkArduino.a(FspTimer.cpp.o)
                0x20000201                FspTimer::force_pwm_reserved
 *fill*         0x20000202        0x2 
 .bss._ZGVZN10IRQManager11getInstanceEvE8instance
                0x20000204        0x4 .pio\build\uno_r4_minima\libFrameworkArduino.a(IRQManager.cpp.o)
 .bss._ZZN10IRQManager11getInstanceEvE8instance
                0x20000208        0x4 .pio\build\uno_r4_minima\libFrameworkArduino.a(IRQManager.cpp.o)
 .bss._ZL17scan_complete_cbk
                0x2000020c        0x4 .pio\build\uno_r4_minima\libFrameworkArduino.a(analog.cpp.o)
 .bss._ZL20window_compare_a_cbk
                0x20000210        0x4 .pio\build\uno_r4_minima\libFrameworkArduino.a(analog.cpp.o)
 .bss._ZL20window_compare_b_cbk
                0x20000214        0x4 .pio\build\uno_r4_minima\libFrameworkArduino.a(analog.cpp.o)
 .bss._ZL25analog_values_by_channels
                0x20000218       0x3a .pio\build\uno_r4_minima\libFrameworkArduino.a(analog.cpp.o)
 *fill*         0x20000252        0x2 
 .bss._ZL3adc   0x20000254       0x5c .pio\build\uno_r4_minima\libFrameworkArduino.a(analog.cpp.o)
 .bss._ZL4adc1  0x200002b0       0x5c .pio\build\uno_r4_minima\libFrameworkArduino.a(analog.cpp.o)
 .bss._ZL4aref  0x2000030c        0x4 .pio\build\uno_r4_minima\libFrameworkArduino.a(analog.cpp.o)
 .bss._ZL4pwms  0x20000310       0x68 .pio\build\uno_r4_minima\libFrameworkArduino.a(analog.cpp.o)
 .bss._dac12    0x20000378       0x3c .pio\build\uno_r4_minima\libFrameworkArduino.a(dac.cpp.o)
                0x20000378                _dac12
 .bss._cdcd_itf
                0x200003b4      0x2a8 .pio\build\uno_r4_minima\libFrameworkArduino.a(cdc_device.c.o)
 .bss._app_driver
                0x2000065c        0x4 .pio\build\uno_r4_minima\libFrameworkArduino.a(usbd.c.o)
 .bss._app_driver_count
                0x20000660        0x1 .pio\build\uno_r4_minima\libFrameworkArduino.a(usbd.c.o)
 .bss._usbd_dev
                0x20000661       0x3b .pio\build\uno_r4_minima\libFrameworkArduino.a(usbd.c.o)
 .bss._usbd_q   0x2000069c        0x4 .pio\build\uno_r4_minima\libFrameworkArduino.a(usbd.c.o)
 .bss._ctrl_xfer
                0x200006a0       0x14 .pio\build\uno_r4_minima\libFrameworkArduino.a(usbd_control.c.o)
 .bss._usbd_ctrl_buf
                0x200006b4       0x40 .pio\build\uno_r4_minima\libFrameworkArduino.a(usbd_control.c.o)
 .bss._dcd      0x200006f4       0x98 .pio\build\uno_r4_minima\libFrameworkArduino.a(dcd_rusb2.c.o)
 .bss._hidd_itf
                0x2000078c       0x8c .pio\build\uno_r4_minima\libFrameworkArduino.a(hid_device.c.o)
 .bss.gp_prv_agt_periods
                0x20000818        0x8 C:\Users\tsano\.platformio\packages\framework-arduinorenesas-uno\variants\MINIMA\libs\libfsp.a(r_agt.o)
 .bss.g_protect_pfswe_counter
                0x20000820        0x4 C:\Users\tsano\.platformio\packages\framework-arduinorenesas-uno\variants\MINIMA\libs\libfsp.a(bsp_io.o)
                0x20000820                g_protect_pfswe_counter
 .bss.gp_renesas_isr_context
                0x20000824       0x80 C:\Users\tsano\.platformio\packages\framework-arduinorenesas-uno\variants\MINIMA\libs\libfsp.a(bsp_irq.o)
                0x20000824                gp_renesas_isr_context
 .bss.g_protect_counters
                0x200008a4        0x8 C:\Users\tsano\.platformio\packages\framework-arduinorenesas-uno\variants\MINIMA\libs\libfsp.a(bsp_register_protection.o)
                0x200008a4                g_protect_counters
 .bss.SystemCoreClock
                0x200008ac        0x4 C:\Users\tsano\.platformio\packages\framework-arduinorenesas-uno\variants\MINIMA\libs\libfsp.a(system.o)
                0x200008ac                SystemCoreClock
 .bss.g_bsp_group_irq_sources
                0x200008b0       0x40 C:\Users\tsano\.platformio\packages\framework-arduinorenesas-uno\variants\MINIMA\libs\libfsp.a(bsp_group_irq.o)
                0x200008b0                g_bsp_group_irq_sources
 .bss._ZN12_GLOBAL__N_113__new_handlerE
                0x200008f0        0x4 c:/users/tsano/.platformio/packages/toolchain-gccarmnoneeabi/bin/../lib/gcc/arm-none-eabi/7.2.1/../../../../arm-none-eabi/lib/thumb/v7e-m/fpv4-sp/hard\libstdc++_nano.a(new_handler.o)
 .bss.__malloc_free_list
                0x200008f4        0x4 c:/users/tsano/.platformio/packages/toolchain-gccarmnoneeabi/bin/../lib/gcc/arm-none-eabi/7.2.1/../../../../arm-none-eabi/lib/thumb/v7e-m/fpv4-sp/hard\libc_nano.a(lib_a-nano-mallocr.o)
                0x200008f4                __malloc_free_list
 .bss.__malloc_sbrk_start
                0x200008f8        0x4 c:/users/tsano/.platformio/packages/toolchain-gccarmnoneeabi/bin/../lib/gcc/arm-none-eabi/7.2.1/../../../../arm-none-eabi/lib/thumb/v7e-m/fpv4-sp/hard\libc_nano.a(lib_a-nano-mallocr.o)
                0x200008f8                __malloc_sbrk_start
 .bss.heap_end.5377
                0x200008fc        0x4 c:/users/tsano/.platformio/packages/toolchain-gccarmnoneeabi/bin/../lib/gcc/arm-none-eabi/7.2.1/../../../../arm-none-eabi/lib/thumb/v7e-m/fpv4-sp/hard\libnosys.a(sbrk.o)
 *(COMMON)
 COMMON         0x20000900       0xc0 .pio\build\uno_r4_minima\libFrameworkArduino.a(usbd.c.o)
                0x20000900                _usbd_qdef_buf
 COMMON         0x200009c0       0x40 .pio\build\uno_r4_minima\libFrameworkArduinoVariant.a(common_data.c.o)
                0x200009c0                g_ioport_ctrl
                0x200009c8                g_cgc0_ctrl
                0x200009d8                g_elc_ctrl
                0x200009e0                g_external_irq1_ctrl
                0x200009f0                g_external_irq0_ctrl
 COMMON         0x20000a00        0x4 c:/users/tsano/.platformio/packages/toolchain-gccarmnoneeabi/bin/../lib/gcc/arm-none-eabi/7.2.1/../../../../arm-none-eabi/lib/thumb/v7e-m/fpv4-sp/hard\libc_nano.a(lib_a-reent.o)
                0x20000a00                errno
                0x20000a04                . = ALIGN (0x4)
                0x20000a04                __bss_end__ = .

.heap           0x20000a08     0x2000 load address 0x0000c580
                0x20000a08                . = ALIGN (0x8)
                0x20000a08                __HeapBase = .
                0x20000a08                end = .
 *(.heap)
 .heap          0x20000a08     0x2000 C:\Users\tsano\.platformio\packages\framework-arduinorenesas-uno\variants\MINIMA\libs\libfsp.a(startup.o)
                0x20007f00                __StackTop = ((ORIGIN (RAM) + LENGTH (RAM)) - VECTOR_TABLE_LENGTH)

.stack_dummy    0x20007b00      0x400
                0x20007b00                . = ALIGN (0x8)
                0x20007b00                __HeapLimit = .
                0x20007b00                __StackLimit = .
 *(.stack)
 .stack         0x20007b00      0x400 C:\Users\tsano\.platformio\packages\framework-arduinorenesas-uno\variants\MINIMA\libs\libfsp.a(startup.o)
 *(.stack*)
                0x20007f00                __StackTopAll = .

.vector_table   0x20007f00      0x100
                0x20007f00                . = ALIGN (0x4)
                0x20007f00                APPLICATION_VECTOR_TABLE_ADDRESS_RAM = .